
============================================================
BLOCKER 3: Weryfikacja p(True) na fine-tuned modelu
============================================================
Sprawdzamy czy fine-tuned model daje sensowne P(Yes)/P(No).
Mean(P(Yes) + P(No)) powinno być ≥ 0.30

Wczytuję model z: ./checkpoints/final
Loading checkpoint shards:   0%|          | 0/3 [00:00<?, ?it/s]Loading checkpoint shards:  33%|███▎      | 1/3 [00:01<00:02,  1.45s/it]Loading checkpoint shards:  67%|██████▋   | 2/3 [00:02<00:01,  1.46s/it]Loading checkpoint shards: 100%|██████████| 3/3 [00:04<00:00,  1.35s/it]Loading checkpoint shards: 100%|██████████| 3/3 [00:04<00:00,  1.38s/it]
yes_id=6360, no_id=2538

Testuję 30 przykładów z val set...

[01] pred=B true=B ✓ | p(Yes)=0.977 p(No)=0.023 mass=1.000
[02] pred=B true=B ✓ | p(Yes)=0.988 p(No)=0.012 mass=1.000
[03] pred=B true=A ✗ | p(Yes)=0.955 p(No)=0.045 mass=1.000
[04] pred=C true=A ✗ | p(Yes)=0.940 p(No)=0.060 mass=1.000
[05] pred=A true=B ✗ | p(Yes)=0.987 p(No)=0.013 mass=1.000
[06] pred=D true=A ✗ | p(Yes)=0.893 p(No)=0.107 mass=1.000
[07] pred=A true=A ✓ | p(Yes)=0.984 p(No)=0.016 mass=1.000
[08] pred=C true=A ✗ | p(Yes)=0.974 p(No)=0.026 mass=1.000
[09] pred=A true=C ✗ | p(Yes)=0.972 p(No)=0.028 mass=1.000
[10] pred=D true=C ✗ | p(Yes)=0.983 p(No)=0.017 mass=1.000
[11] pred=B true=D ✗ | p(Yes)=0.981 p(No)=0.019 mass=1.000
[12] pred=D true=A ✗ | p(Yes)=0.987 p(No)=0.013 mass=1.000
[13] pred=B true=C ✗ | p(Yes)=0.968 p(No)=0.032 mass=1.000
[14] pred=D true=C ✗ | p(Yes)=0.969 p(No)=0.031 mass=1.000
[15] pred=A true=A ✓ | p(Yes)=0.994 p(No)=0.006 mass=1.000
[16] pred=B true=B ✓ | p(Yes)=0.987 p(No)=0.013 mass=1.000
[17] pred=B true=B ✓ | p(Yes)=0.953 p(No)=0.047 mass=1.000
[18] pred=C true=D ✗ | p(Yes)=0.972 p(No)=0.028 mass=1.000
[19] pred=C true=C ✓ | p(Yes)=0.987 p(No)=0.013 mass=1.000
[20] pred=D true=D ✓ | p(Yes)=0.960 p(No)=0.040 mass=1.000
[21] pred=D true=D ✓ | p(Yes)=0.908 p(No)=0.092 mass=1.000
[22] pred=A true=A ✓ | p(Yes)=0.989 p(No)=0.011 mass=1.000
[23] pred=D true=D ✓ | p(Yes)=0.980 p(No)=0.020 mass=1.000
[24] pred=B true=D ✗ | p(Yes)=0.909 p(No)=0.091 mass=1.000
[25] pred=B true=C ✗ | p(Yes)=0.890 p(No)=0.110 mass=1.000
[26] pred=A true=A ✓ | p(Yes)=0.982 p(No)=0.018 mass=1.000
[27] pred=C true=B ✗ | p(Yes)=0.984 p(No)=0.016 mass=1.000
[28] pred=D true=D ✓ | p(Yes)=0.967 p(No)=0.033 mass=1.000
[29] pred=C true=C ✓ | p(Yes)=0.988 p(No)=0.012 mass=1.000
[30] pred=A true=A ✓ | p(Yes)=0.980 p(No)=0.019 mass=1.000

────────────────────────────────────────────────────────────
Model accuracy na 30 próbkach: 50.00%
Mean Yes/No mass:              1.000
Mean p(True):                  0.966

✓ p(True) działa (mass=1.000 ≥ 0.30)
  → WŁĄCZ p_true do routing features

✓ BLOCKER 3 DONE — verdict=INCLUDE zapisany do src/config.json

============================================================
STATUS WERYFIKACJI
============================================================
  BLOCKER 1 — cop encoding:     ✓ DONE
              cop_map = {'0': 'A', '1': 'B', '2': 'C', '3': 'D'}
  BLOCKER 2 — tokenizacja ABCD: ✓ DONE
              ids_ABCD = [1098, 1133, 1102, 1152]
  BLOCKER 3 — p(True) test:     ✓ DONE
              verdict = INCLUDE (mass=1.000)
