Collecting transformers<4.47,>=4.44
  Downloading transformers-4.46.3-py3-none-any.whl.metadata (44 kB)
Collecting peft<0.15,>=0.13
  Downloading peft-0.14.0-py3-none-any.whl.metadata (13 kB)
Collecting trl<0.13,>=0.11
  Downloading trl-0.12.2-py3-none-any.whl.metadata (11 kB)
Collecting datasets>=2.20
  Downloading datasets-4.8.5-py3-none-any.whl.metadata (19 kB)
Collecting accelerate>=0.34
  Downloading accelerate-1.13.0-py3-none-any.whl.metadata (19 kB)
Collecting bitsandbytes>=0.44
  Downloading bitsandbytes-0.49.2-py3-none-manylinux_2_24_x86_64.whl.metadata (10 kB)
Collecting omegaconf>=2.3
  Downloading omegaconf-2.3.0-py3-none-any.whl.metadata (3.9 kB)
Collecting scikit-learn>=1.4
  Downloading scikit_learn-1.8.0-cp313-cp313-manylinux_2_27_x86_64.manylinux_2_28_x86_64.whl.metadata (11 kB)
Collecting tensorboard>=2.17
  Using cached tensorboard-2.20.0-py3-none-any.whl.metadata (1.8 kB)
Collecting huggingface_hub>=0.25
  Downloading huggingface_hub-1.16.1-py3-none-any.whl.metadata (14 kB)
Collecting safetensors>=0.4
  Using cached safetensors-0.7.0-cp38-abi3-manylinux_2_17_x86_64.manylinux2014_x86_64.whl.metadata (4.1 kB)
Collecting sentencepiece>=0.2
  Downloading sentencepiece-0.2.1-cp313-cp313-manylinux_2_27_x86_64.manylinux_2_28_x86_64.whl.metadata (10 kB)
Requirement already satisfied: filelock in ./anaconda3/envs/ai/lib/python3.13/site-packages (from transformers<4.47,>=4.44) (3.29.0)
Collecting huggingface_hub>=0.25
  Downloading huggingface_hub-0.36.2-py3-none-any.whl.metadata (15 kB)
Requirement already satisfied: numpy>=1.17 in ./anaconda3/envs/ai/lib/python3.13/site-packages (from transformers<4.47,>=4.44) (2.4.3)
Requirement already satisfied: packaging>=20.0 in ./anaconda3/envs/ai/lib/python3.13/site-packages (from transformers<4.47,>=4.44) (25.0)
Collecting pyyaml>=5.1 (from transformers<4.47,>=4.44)
  Downloading pyyaml-6.0.3-cp313-cp313-manylinux2014_x86_64.manylinux_2_17_x86_64.manylinux_2_28_x86_64.whl.metadata (2.4 kB)
Collecting regex!=2019.12.17 (from transformers<4.47,>=4.44)
  Downloading regex-2026.5.9-cp313-cp313-manylinux2014_x86_64.manylinux_2_17_x86_64.manylinux_2_28_x86_64.whl.metadata (40 kB)
Collecting requests (from transformers<4.47,>=4.44)
  Downloading requests-2.34.2-py3-none-any.whl.metadata (4.8 kB)
Collecting tokenizers<0.21,>=0.20 (from transformers<4.47,>=4.44)
  Downloading tokenizers-0.20.3-cp313-cp313-manylinux_2_17_x86_64.manylinux2014_x86_64.whl.metadata (6.7 kB)
Requirement already satisfied: tqdm>=4.27 in ./anaconda3/envs/ai/lib/python3.13/site-packages (from transformers<4.47,>=4.44) (4.67.3)
Collecting psutil (from peft<0.15,>=0.13)
  Using cached psutil-7.2.2-cp36-abi3-manylinux2010_x86_64.manylinux_2_12_x86_64.manylinux_2_28_x86_64.whl.metadata (22 kB)
Requirement already satisfied: torch>=1.13.0 in ./anaconda3/envs/ai/lib/python3.13/site-packages (from peft<0.15,>=0.13) (2.6.0+cu124)
Collecting rich (from trl<0.13,>=0.11)
  Downloading rich-15.0.0-py3-none-any.whl.metadata (18 kB)
Requirement already satisfied: fsspec>=2023.5.0 in ./anaconda3/envs/ai/lib/python3.13/site-packages (from huggingface_hub>=0.25) (2026.4.0)
Collecting hf-xet<2.0.0,>=1.1.3 (from huggingface_hub>=0.25)
  Downloading hf_xet-1.5.0-cp37-abi3-manylinux2014_x86_64.manylinux_2_17_x86_64.whl.metadata (4.9 kB)
Requirement already satisfied: typing-extensions>=3.7.4.3 in ./anaconda3/envs/ai/lib/python3.13/site-packages (from huggingface_hub>=0.25) (4.15.0)
Requirement already satisfied: pyarrow>=21.0.0 in ./anaconda3/envs/ai/lib/python3.13/site-packages (from datasets>=2.20) (23.0.1)
Collecting dill<0.4.2,>=0.3.0 (from datasets>=2.20)
  Downloading dill-0.4.1-py3-none-any.whl.metadata (10 kB)
Requirement already satisfied: pandas in ./anaconda3/envs/ai/lib/python3.13/site-packages (from datasets>=2.20) (3.0.1)
Collecting httpx<1.0.0 (from datasets>=2.20)
  Using cached httpx-0.28.1-py3-none-any.whl.metadata (7.1 kB)
Collecting xxhash (from datasets>=2.20)
  Downloading xxhash-3.7.0-cp313-cp313-manylinux2014_x86_64.manylinux_2_17_x86_64.manylinux_2_28_x86_64.whl.metadata (13 kB)
Collecting multiprocess<0.70.20 (from datasets>=2.20)
  Downloading multiprocess-0.70.19-py313-none-any.whl.metadata (7.5 kB)
Collecting fsspec>=2023.5.0 (from huggingface_hub>=0.25)
  Downloading fsspec-2026.2.0-py3-none-any.whl.metadata (10 kB)
Collecting aiohttp!=4.0.0a0,!=4.0.0a1 (from fsspec[http]<=2026.2.0,>=2023.1.0->datasets>=2.20)
  Downloading aiohttp-3.13.5-cp313-cp313-manylinux2014_x86_64.manylinux_2_17_x86_64.manylinux_2_28_x86_64.whl.metadata (8.1 kB)
Collecting anyio (from httpx<1.0.0->datasets>=2.20)
  Downloading anyio-4.13.0-py3-none-any.whl.metadata (4.5 kB)
Collecting certifi (from httpx<1.0.0->datasets>=2.20)
  Downloading certifi-2026.5.20-py3-none-any.whl.metadata (2.5 kB)
Collecting httpcore==1.* (from httpx<1.0.0->datasets>=2.20)
  Using cached httpcore-1.0.9-py3-none-any.whl.metadata (21 kB)
Collecting idna (from httpx<1.0.0->datasets>=2.20)
  Downloading idna-3.16-py3-none-any.whl.metadata (6.4 kB)
Collecting h11>=0.16 (from httpcore==1.*->httpx<1.0.0->datasets>=2.20)
  Using cached h11-0.16.0-py3-none-any.whl.metadata (8.3 kB)
Requirement already satisfied: networkx in ./anaconda3/envs/ai/lib/python3.13/site-packages (from torch>=1.13.0->peft<0.15,>=0.13) (3.6.1)
Requirement already satisfied: jinja2 in ./anaconda3/envs/ai/lib/python3.13/site-packages (from torch>=1.13.0->peft<0.15,>=0.13) (3.1.6)
Requirement already satisfied: nvidia-cuda-nvrtc-cu12==12.4.127 in ./anaconda3/envs/ai/lib/python3.13/site-packages (from torch>=1.13.0->peft<0.15,>=0.13) (12.4.127)
Requirement already satisfied: nvidia-cuda-runtime-cu12==12.4.127 in ./anaconda3/envs/ai/lib/python3.13/site-packages (from torch>=1.13.0->peft<0.15,>=0.13) (12.4.127)
Requirement already satisfied: nvidia-cuda-cupti-cu12==12.4.127 in ./anaconda3/envs/ai/lib/python3.13/site-packages (from torch>=1.13.0->peft<0.15,>=0.13) (12.4.127)
Requirement already satisfied: nvidia-cudnn-cu12==9.1.0.70 in ./anaconda3/envs/ai/lib/python3.13/site-packages (from torch>=1.13.0->peft<0.15,>=0.13) (9.1.0.70)
Requirement already satisfied: nvidia-cublas-cu12==12.4.5.8 in ./anaconda3/envs/ai/lib/python3.13/site-packages (from torch>=1.13.0->peft<0.15,>=0.13) (12.4.5.8)
Requirement already satisfied: nvidia-cufft-cu12==11.2.1.3 in ./anaconda3/envs/ai/lib/python3.13/site-packages (from torch>=1.13.0->peft<0.15,>=0.13) (11.2.1.3)
Requirement already satisfied: nvidia-curand-cu12==10.3.5.147 in ./anaconda3/envs/ai/lib/python3.13/site-packages (from torch>=1.13.0->peft<0.15,>=0.13) (10.3.5.147)
Requirement already satisfied: nvidia-cusolver-cu12==11.6.1.9 in ./anaconda3/envs/ai/lib/python3.13/site-packages (from torch>=1.13.0->peft<0.15,>=0.13) (11.6.1.9)
Requirement already satisfied: nvidia-cusparse-cu12==12.3.1.170 in ./anaconda3/envs/ai/lib/python3.13/site-packages (from torch>=1.13.0->peft<0.15,>=0.13) (12.3.1.170)
Requirement already satisfied: nvidia-cusparselt-cu12==0.6.2 in ./anaconda3/envs/ai/lib/python3.13/site-packages (from torch>=1.13.0->peft<0.15,>=0.13) (0.6.2)
Requirement already satisfied: nvidia-nccl-cu12==2.21.5 in ./anaconda3/envs/ai/lib/python3.13/site-packages (from torch>=1.13.0->peft<0.15,>=0.13) (2.21.5)
Requirement already satisfied: nvidia-nvtx-cu12==12.4.127 in ./anaconda3/envs/ai/lib/python3.13/site-packages (from torch>=1.13.0->peft<0.15,>=0.13) (12.4.127)
Requirement already satisfied: nvidia-nvjitlink-cu12==12.4.127 in ./anaconda3/envs/ai/lib/python3.13/site-packages (from torch>=1.13.0->peft<0.15,>=0.13) (12.4.127)
Requirement already satisfied: triton==3.2.0 in ./anaconda3/envs/ai/lib/python3.13/site-packages (from torch>=1.13.0->peft<0.15,>=0.13) (3.2.0)
Requirement already satisfied: setuptools in ./anaconda3/envs/ai/lib/python3.13/site-packages (from torch>=1.13.0->peft<0.15,>=0.13) (80.10.2)
Requirement already satisfied: sympy==1.13.1 in ./anaconda3/envs/ai/lib/python3.13/site-packages (from torch>=1.13.0->peft<0.15,>=0.13) (1.13.1)
Requirement already satisfied: mpmath<1.4,>=1.1.0 in ./anaconda3/envs/ai/lib/python3.13/site-packages (from sympy==1.13.1->torch>=1.13.0->peft<0.15,>=0.13) (1.3.0)
Collecting antlr4-python3-runtime==4.9.* (from omegaconf>=2.3)
  Downloading antlr4-python3-runtime-4.9.3.tar.gz (117 kB)
  Installing build dependencies: started
  Installing build dependencies: finished with status 'done'
  Getting requirements to build wheel: started
  Getting requirements to build wheel: finished with status 'done'
  Preparing metadata (pyproject.toml): started
  Preparing metadata (pyproject.toml): finished with status 'done'
Requirement already satisfied: scipy>=1.10.0 in ./anaconda3/envs/ai/lib/python3.13/site-packages (from scikit-learn>=1.4) (1.17.1)
Requirement already satisfied: joblib>=1.3.0 in ./anaconda3/envs/ai/lib/python3.13/site-packages (from scikit-learn>=1.4) (1.5.3)
Collecting threadpoolctl>=3.2.0 (from scikit-learn>=1.4)
  Using cached threadpoolctl-3.6.0-py3-none-any.whl.metadata (13 kB)
Collecting absl-py>=0.4 (from tensorboard>=2.17)
  Downloading absl_py-2.4.0-py3-none-any.whl.metadata (3.3 kB)
Collecting grpcio>=1.48.2 (from tensorboard>=2.17)
  Downloading grpcio-1.80.0-cp313-cp313-manylinux2014_x86_64.manylinux_2_17_x86_64.whl.metadata (3.8 kB)
Collecting markdown>=2.6.8 (from tensorboard>=2.17)
  Downloading markdown-3.10.2-py3-none-any.whl.metadata (5.1 kB)
Requirement already satisfied: pillow in ./anaconda3/envs/ai/lib/python3.13/site-packages (from tensorboard>=2.17) (12.1.1)
Collecting protobuf!=4.24.0,>=3.19.6 (from tensorboard>=2.17)
  Downloading protobuf-7.35.0-cp310-abi3-manylinux2014_x86_64.whl.metadata (595 bytes)
Collecting tensorboard-data-server<0.8.0,>=0.7.0 (from tensorboard>=2.17)
  Using cached tensorboard_data_server-0.7.2-py3-none-manylinux_2_31_x86_64.whl.metadata (1.1 kB)
Collecting werkzeug>=1.0.1 (from tensorboard>=2.17)
  Downloading werkzeug-3.1.8-py3-none-any.whl.metadata (4.0 kB)
Collecting aiohappyeyeballs>=2.5.0 (from aiohttp!=4.0.0a0,!=4.0.0a1->fsspec[http]<=2026.2.0,>=2023.1.0->datasets>=2.20)
  Downloading aiohappyeyeballs-2.6.2-py3-none-any.whl.metadata (5.9 kB)
Collecting aiosignal>=1.4.0 (from aiohttp!=4.0.0a0,!=4.0.0a1->fsspec[http]<=2026.2.0,>=2023.1.0->datasets>=2.20)
  Using cached aiosignal-1.4.0-py3-none-any.whl.metadata (3.7 kB)
Collecting attrs>=17.3.0 (from aiohttp!=4.0.0a0,!=4.0.0a1->fsspec[http]<=2026.2.0,>=2023.1.0->datasets>=2.20)
  Downloading attrs-26.1.0-py3-none-any.whl.metadata (8.8 kB)
Collecting frozenlist>=1.1.1 (from aiohttp!=4.0.0a0,!=4.0.0a1->fsspec[http]<=2026.2.0,>=2023.1.0->datasets>=2.20)
  Downloading frozenlist-1.8.0-cp313-cp313-manylinux1_x86_64.manylinux_2_28_x86_64.manylinux_2_5_x86_64.whl.metadata (20 kB)
Collecting multidict<7.0,>=4.5 (from aiohttp!=4.0.0a0,!=4.0.0a1->fsspec[http]<=2026.2.0,>=2023.1.0->datasets>=2.20)
  Downloading multidict-6.7.1-cp313-cp313-manylinux2014_x86_64.manylinux_2_17_x86_64.manylinux_2_28_x86_64.whl.metadata (5.3 kB)
Collecting propcache>=0.2.0 (from aiohttp!=4.0.0a0,!=4.0.0a1->fsspec[http]<=2026.2.0,>=2023.1.0->datasets>=2.20)
  Downloading propcache-0.5.2-cp313-cp313-manylinux2014_x86_64.manylinux_2_17_x86_64.manylinux_2_28_x86_64.whl.metadata (16 kB)
Collecting yarl<2.0,>=1.17.0 (from aiohttp!=4.0.0a0,!=4.0.0a1->fsspec[http]<=2026.2.0,>=2023.1.0->datasets>=2.20)
  Downloading yarl-1.24.2-cp313-cp313-manylinux2014_x86_64.manylinux_2_17_x86_64.manylinux_2_28_x86_64.whl.metadata (94 kB)
Collecting charset_normalizer<4,>=2 (from requests->transformers<4.47,>=4.44)
  Downloading charset_normalizer-3.4.7-cp313-cp313-manylinux2014_x86_64.manylinux_2_17_x86_64.manylinux_2_28_x86_64.whl.metadata (40 kB)
Collecting urllib3<3,>=1.26 (from requests->transformers<4.47,>=4.44)
  Downloading urllib3-2.7.0-py3-none-any.whl.metadata (6.9 kB)
Requirement already satisfied: markupsafe>=2.1.1 in ./anaconda3/envs/ai/lib/python3.13/site-packages (from werkzeug>=1.0.1->tensorboard>=2.17) (3.0.3)
Requirement already satisfied: python-dateutil>=2.8.2 in ./anaconda3/envs/ai/lib/python3.13/site-packages (from pandas->datasets>=2.20) (2.9.0.post0)
Requirement already satisfied: six>=1.5 in ./anaconda3/envs/ai/lib/python3.13/site-packages (from python-dateutil>=2.8.2->pandas->datasets>=2.20) (1.17.0)
Collecting markdown-it-py>=2.2.0 (from rich->trl<0.13,>=0.11)
  Downloading markdown_it_py-4.2.0-py3-none-any.whl.metadata (7.4 kB)
Requirement already satisfied: pygments<3.0.0,>=2.13.0 in ./anaconda3/envs/ai/lib/python3.13/site-packages (from rich->trl<0.13,>=0.11) (2.19.2)
Collecting mdurl~=0.1 (from markdown-it-py>=2.2.0->rich->trl<0.13,>=0.11)
  Using cached mdurl-0.1.2-py3-none-any.whl.metadata (1.6 kB)
Downloading transformers-4.46.3-py3-none-any.whl (10.0 MB)
   ━━━━━━━━━━━━━━━━━━━━━━━━━━━━━━━━━━━━━━━━ 10.0/10.0 MB 55.7 MB/s  0:00:00
Downloading peft-0.14.0-py3-none-any.whl (374 kB)
Downloading trl-0.12.2-py3-none-any.whl (365 kB)
Downloading huggingface_hub-0.36.2-py3-none-any.whl (566 kB)
   ━━━━━━━━━━━━━━━━━━━━━━━━━━━━━━━━━━━━━━━━ 566.4/566.4 kB 26.5 MB/s  0:00:00
Downloading hf_xet-1.5.0-cp37-abi3-manylinux2014_x86_64.manylinux_2_17_x86_64.whl (4.5 MB)
   ━━━━━━━━━━━━━━━━━━━━━━━━━━━━━━━━━━━━━━━━ 4.5/4.5 MB 60.1 MB/s  0:00:00
Downloading tokenizers-0.20.3-cp313-cp313-manylinux_2_17_x86_64.manylinux2014_x86_64.whl (3.0 MB)
   ━━━━━━━━━━━━━━━━━━━━━━━━━━━━━━━━━━━━━━━━ 3.0/3.0 MB 61.0 MB/s  0:00:00
Downloading datasets-4.8.5-py3-none-any.whl (528 kB)
   ━━━━━━━━━━━━━━━━━━━━━━━━━━━━━━━━━━━━━━━━ 529.0/529.0 kB 19.5 MB/s  0:00:00
Downloading dill-0.4.1-py3-none-any.whl (120 kB)
Downloading fsspec-2026.2.0-py3-none-any.whl (202 kB)
Using cached httpx-0.28.1-py3-none-any.whl (73 kB)
Using cached httpcore-1.0.9-py3-none-any.whl (78 kB)
Downloading multiprocess-0.70.19-py313-none-any.whl (156 kB)
Downloading accelerate-1.13.0-py3-none-any.whl (383 kB)
Downloading bitsandbytes-0.49.2-py3-none-manylinux_2_24_x86_64.whl (60.7 MB)
   ━━━━━━━━━━━━━━━━━━━━━━━━━━━━━━━━━━━━━━━━ 60.7/60.7 MB 71.5 MB/s  0:00:00
Downloading omegaconf-2.3.0-py3-none-any.whl (79 kB)
Downloading scikit_learn-1.8.0-cp313-cp313-manylinux_2_27_x86_64.manylinux_2_28_x86_64.whl (8.9 MB)
   ━━━━━━━━━━━━━━━━━━━━━━━━━━━━━━━━━━━━━━━━ 8.9/8.9 MB 64.7 MB/s  0:00:00
Using cached tensorboard-2.20.0-py3-none-any.whl (5.5 MB)
Using cached tensorboard_data_server-0.7.2-py3-none-manylinux_2_31_x86_64.whl (6.6 MB)
Using cached safetensors-0.7.0-cp38-abi3-manylinux_2_17_x86_64.manylinux2014_x86_64.whl (507 kB)
Downloading sentencepiece-0.2.1-cp313-cp313-manylinux_2_27_x86_64.manylinux_2_28_x86_64.whl (1.4 MB)
   ━━━━━━━━━━━━━━━━━━━━━━━━━━━━━━━━━━━━━━━━ 1.4/1.4 MB 43.7 MB/s  0:00:00
Downloading absl_py-2.4.0-py3-none-any.whl (135 kB)
Downloading aiohttp-3.13.5-cp313-cp313-manylinux2014_x86_64.manylinux_2_17_x86_64.manylinux_2_28_x86_64.whl (1.8 MB)
   ━━━━━━━━━━━━━━━━━━━━━━━━━━━━━━━━━━━━━━━━ 1.8/1.8 MB 50.3 MB/s  0:00:00
Downloading multidict-6.7.1-cp313-cp313-manylinux2014_x86_64.manylinux_2_17_x86_64.manylinux_2_28_x86_64.whl (254 kB)
Downloading yarl-1.24.2-cp313-cp313-manylinux2014_x86_64.manylinux_2_17_x86_64.manylinux_2_28_x86_64.whl (107 kB)
Downloading aiohappyeyeballs-2.6.2-py3-none-any.whl (15 kB)
Using cached aiosignal-1.4.0-py3-none-any.whl (7.5 kB)
Downloading attrs-26.1.0-py3-none-any.whl (67 kB)
Downloading frozenlist-1.8.0-cp313-cp313-manylinux1_x86_64.manylinux_2_28_x86_64.manylinux_2_5_x86_64.whl (234 kB)
Downloading grpcio-1.80.0-cp313-cp313-manylinux2014_x86_64.manylinux_2_17_x86_64.whl (6.8 MB)
   ━━━━━━━━━━━━━━━━━━━━━━━━━━━━━━━━━━━━━━━━ 6.8/6.8 MB 62.8 MB/s  0:00:00
Using cached h11-0.16.0-py3-none-any.whl (37 kB)
Downloading idna-3.16-py3-none-any.whl (74 kB)
Downloading markdown-3.10.2-py3-none-any.whl (108 kB)
Downloading propcache-0.5.2-cp313-cp313-manylinux2014_x86_64.manylinux_2_17_x86_64.manylinux_2_28_x86_64.whl (61 kB)
Downloading protobuf-7.35.0-cp310-abi3-manylinux2014_x86_64.whl (327 kB)
Downloading pyyaml-6.0.3-cp313-cp313-manylinux2014_x86_64.manylinux_2_17_x86_64.manylinux_2_28_x86_64.whl (801 kB)
   ━━━━━━━━━━━━━━━━━━━━━━━━━━━━━━━━━━━━━━━━ 801.6/801.6 kB 38.2 MB/s  0:00:00
Downloading regex-2026.5.9-cp313-cp313-manylinux2014_x86_64.manylinux_2_17_x86_64.manylinux_2_28_x86_64.whl (801 kB)
   ━━━━━━━━━━━━━━━━━━━━━━━━━━━━━━━━━━━━━━━━ 801.3/801.3 kB 33.7 MB/s  0:00:00
Downloading requests-2.34.2-py3-none-any.whl (73 kB)
Downloading charset_normalizer-3.4.7-cp313-cp313-manylinux2014_x86_64.manylinux_2_17_x86_64.manylinux_2_28_x86_64.whl (215 kB)
Downloading urllib3-2.7.0-py3-none-any.whl (131 kB)
Downloading certifi-2026.5.20-py3-none-any.whl (134 kB)
Using cached threadpoolctl-3.6.0-py3-none-any.whl (18 kB)
Downloading werkzeug-3.1.8-py3-none-any.whl (226 kB)
Downloading anyio-4.13.0-py3-none-any.whl (114 kB)
Using cached psutil-7.2.2-cp36-abi3-manylinux2010_x86_64.manylinux_2_12_x86_64.manylinux_2_28_x86_64.whl (155 kB)
Downloading rich-15.0.0-py3-none-any.whl (310 kB)
Downloading markdown_it_py-4.2.0-py3-none-any.whl (91 kB)
Using cached mdurl-0.1.2-py3-none-any.whl (10.0 kB)
Downloading xxhash-3.7.0-cp313-cp313-manylinux2014_x86_64.manylinux_2_17_x86_64.manylinux_2_28_x86_64.whl (193 kB)
Building wheels for collected packages: antlr4-python3-runtime
  Building wheel for antlr4-python3-runtime (pyproject.toml): started
  Building wheel for antlr4-python3-runtime (pyproject.toml): finished with status 'done'
  Created wheel for antlr4-python3-runtime: filename=antlr4_python3_runtime-4.9.3-py3-none-any.whl size=144590 sha256=90f23fda6413687e996984bcdfce1876a415b6273517b52d81a668cdc5bb33f8
  Stored in directory: /home/lciechanowski/.cache/pip/wheels/d5/b3/74/a35b66048c9de6631cd74cbc9475e6feb3e69a467983446bd8
Successfully built antlr4-python3-runtime
Installing collected packages: antlr4-python3-runtime, xxhash, werkzeug, urllib3, threadpoolctl, tensorboard-data-server, sentencepiece, safetensors, regex, pyyaml, psutil, protobuf, propcache, multidict, mdurl, markdown, idna, hf-xet, h11, grpcio, fsspec, frozenlist, dill, charset_normalizer, certifi, attrs, aiohappyeyeballs, absl-py, yarl, tensorboard, scikit-learn, requests, omegaconf, multiprocess, markdown-it-py, httpcore, anyio, aiosignal, rich, huggingface_hub, httpx, aiohttp, tokenizers, bitsandbytes, accelerate, transformers, datasets, trl, peft
  Attempting uninstall: fsspec
    Found existing installation: fsspec 2026.4.0
    Uninstalling fsspec-2026.4.0:
      Successfully uninstalled fsspec-2026.4.0

Successfully installed absl-py-2.4.0 accelerate-1.13.0 aiohappyeyeballs-2.6.2 aiohttp-3.13.5 aiosignal-1.4.0 antlr4-python3-runtime-4.9.3 anyio-4.13.0 attrs-26.1.0 bitsandbytes-0.49.2 certifi-2026.5.20 charset_normalizer-3.4.7 datasets-4.8.5 dill-0.4.1 frozenlist-1.8.0 fsspec-2026.2.0 grpcio-1.80.0 h11-0.16.0 hf-xet-1.5.0 httpcore-1.0.9 httpx-0.28.1 huggingface_hub-0.36.2 idna-3.16 markdown-3.10.2 markdown-it-py-4.2.0 mdurl-0.1.2 multidict-6.7.1 multiprocess-0.70.19 omegaconf-2.3.0 peft-0.14.0 propcache-0.5.2 protobuf-7.35.0 psutil-7.2.2 pyyaml-6.0.3 regex-2026.5.9 requests-2.34.2 rich-15.0.0 safetensors-0.7.0 scikit-learn-1.8.0 sentencepiece-0.2.1 tensorboard-2.20.0 tensorboard-data-server-0.7.2 threadpoolctl-3.6.0 tokenizers-0.20.3 transformers-4.46.3 trl-0.12.2 urllib3-2.7.0 werkzeug-3.1.8 xxhash-3.7.0 yarl-1.24.2
