08:31:01  INFO  Loading routing scores for all 3 evaluation splits …
08:31:02  INFO    loaded: in_dist=4183, near_OOD=1273, far_OOD=945
08:31:02  INFO  Plot 1 — finetune eval loss
08:31:02  INFO  maxp pruned
08:31:02  INFO  cmap pruned
08:31:02  INFO  kern dropped
08:31:02  INFO  post pruned
08:31:02  INFO  FFTM dropped
08:31:02  INFO  GPOS pruned
08:31:02  INFO  GSUB pruned
08:31:02  INFO  glyf pruned
08:31:02  INFO  Added gid0 to subset
08:31:02  INFO  Added first four glyphs to subset
08:31:02  INFO  Closing glyph list over 'MATH': 50 glyphs before
08:31:02  INFO  Glyph names: ['.notdef', '.null', 'E', 'F', 'L', 'R', 'a', 'approxequal', 'asciitilde', 'at', 'b', 'c', 'colon', 'd', 'e', 'eight', 'emdash', 'equal', 'exclam', 'five', 'four', 'g', 'h', 'hyphen', 'i', 'k', 'l', 'm', 'n', 'nine', 'nonmarkingreturn', 'o', 'one', 'p', 'parenleft', 'parenright', 'period', 'r', 's', 'seven', 'six', 'space', 't', 'three', 'two', 'u', 'v', 'w', 'y', 'zero']
08:31:02  INFO  Glyph IDs:   [0, 1, 2, 3, 4, 11, 12, 16, 17, 19, 20, 21, 22, 23, 24, 25, 26, 27, 28, 29, 32, 35, 40, 41, 47, 53, 68, 69, 70, 71, 72, 74, 75, 76, 78, 79, 80, 81, 82, 83, 85, 86, 87, 88, 89, 90, 92, 97, 2806, 3282]
08:31:02  INFO  Closed glyph list over 'MATH': 56 glyphs after
08:31:02  INFO  Glyph names: ['.notdef', '.null', 'E', 'F', 'L', 'R', 'a', 'approxequal', 'asciitilde', 'at', 'b', 'c', 'colon', 'd', 'e', 'eight', 'emdash', 'equal', 'exclam', 'five', 'four', 'g', 'h', 'hyphen', 'i', 'k', 'l', 'm', 'n', 'nine', 'nonmarkingreturn', 'o', 'one', 'p', 'parenleft', 'parenright', 'period', 'r', 's', 'seven', 'six', 'space', 't', 'three', 'two', 'u', 'uni239B', 'uni239C', 'uni239D', 'uni239E', 'uni239F', 'uni23A0', 'v', 'w', 'y', 'zero']
08:31:02  INFO  Glyph IDs:   [0, 1, 2, 3, 4, 11, 12, 16, 17, 19, 20, 21, 22, 23, 24, 25, 26, 27, 28, 29, 32, 35, 40, 41, 47, 53, 68, 69, 70, 71, 72, 74, 75, 76, 78, 79, 80, 81, 82, 83, 85, 86, 87, 88, 89, 90, 92, 97, 2806, 3282, 3506, 3507, 3508, 3509, 3510, 3511]
08:31:02  INFO  Closing glyph list over 'GSUB': 56 glyphs before
08:31:02  INFO  Glyph names: ['.notdef', '.null', 'E', 'F', 'L', 'R', 'a', 'approxequal', 'asciitilde', 'at', 'b', 'c', 'colon', 'd', 'e', 'eight', 'emdash', 'equal', 'exclam', 'five', 'four', 'g', 'h', 'hyphen', 'i', 'k', 'l', 'm', 'n', 'nine', 'nonmarkingreturn', 'o', 'one', 'p', 'parenleft', 'parenright', 'period', 'r', 's', 'seven', 'six', 'space', 't', 'three', 'two', 'u', 'uni239B', 'uni239C', 'uni239D', 'uni239E', 'uni239F', 'uni23A0', 'v', 'w', 'y', 'zero']
08:31:02  INFO  Glyph IDs:   [0, 1, 2, 3, 4, 11, 12, 16, 17, 19, 20, 21, 22, 23, 24, 25, 26, 27, 28, 29, 32, 35, 40, 41, 47, 53, 68, 69, 70, 71, 72, 74, 75, 76, 78, 79, 80, 81, 82, 83, 85, 86, 87, 88, 89, 90, 92, 97, 2806, 3282, 3506, 3507, 3508, 3509, 3510, 3511]
08:31:02  INFO  Closed glyph list over 'GSUB': 56 glyphs after
08:31:02  INFO  Glyph names: ['.notdef', '.null', 'E', 'F', 'L', 'R', 'a', 'approxequal', 'asciitilde', 'at', 'b', 'c', 'colon', 'd', 'e', 'eight', 'emdash', 'equal', 'exclam', 'five', 'four', 'g', 'h', 'hyphen', 'i', 'k', 'l', 'm', 'n', 'nine', 'nonmarkingreturn', 'o', 'one', 'p', 'parenleft', 'parenright', 'period', 'r', 's', 'seven', 'six', 'space', 't', 'three', 'two', 'u', 'uni239B', 'uni239C', 'uni239D', 'uni239E', 'uni239F', 'uni23A0', 'v', 'w', 'y', 'zero']
08:31:02  INFO  Glyph IDs:   [0, 1, 2, 3, 4, 11, 12, 16, 17, 19, 20, 21, 22, 23, 24, 25, 26, 27, 28, 29, 32, 35, 40, 41, 47, 53, 68, 69, 70, 71, 72, 74, 75, 76, 78, 79, 80, 81, 82, 83, 85, 86, 87, 88, 89, 90, 92, 97, 2806, 3282, 3506, 3507, 3508, 3509, 3510, 3511]
08:31:02  INFO  Closing glyph list over 'glyf': 56 glyphs before
08:31:02  INFO  Glyph names: ['.notdef', '.null', 'E', 'F', 'L', 'R', 'a', 'approxequal', 'asciitilde', 'at', 'b', 'c', 'colon', 'd', 'e', 'eight', 'emdash', 'equal', 'exclam', 'five', 'four', 'g', 'h', 'hyphen', 'i', 'k', 'l', 'm', 'n', 'nine', 'nonmarkingreturn', 'o', 'one', 'p', 'parenleft', 'parenright', 'period', 'r', 's', 'seven', 'six', 'space', 't', 'three', 'two', 'u', 'uni239B', 'uni239C', 'uni239D', 'uni239E', 'uni239F', 'uni23A0', 'v', 'w', 'y', 'zero']
08:31:02  INFO  Glyph IDs:   [0, 1, 2, 3, 4, 11, 12, 16, 17, 19, 20, 21, 22, 23, 24, 25, 26, 27, 28, 29, 32, 35, 40, 41, 47, 53, 68, 69, 70, 71, 72, 74, 75, 76, 78, 79, 80, 81, 82, 83, 85, 86, 87, 88, 89, 90, 92, 97, 2806, 3282, 3506, 3507, 3508, 3509, 3510, 3511]
08:31:02  INFO  Closed glyph list over 'glyf': 56 glyphs after
08:31:02  INFO  Glyph names: ['.notdef', '.null', 'E', 'F', 'L', 'R', 'a', 'approxequal', 'asciitilde', 'at', 'b', 'c', 'colon', 'd', 'e', 'eight', 'emdash', 'equal', 'exclam', 'five', 'four', 'g', 'h', 'hyphen', 'i', 'k', 'l', 'm', 'n', 'nine', 'nonmarkingreturn', 'o', 'one', 'p', 'parenleft', 'parenright', 'period', 'r', 's', 'seven', 'six', 'space', 't', 'three', 'two', 'u', 'uni239B', 'uni239C', 'uni239D', 'uni239E', 'uni239F', 'uni23A0', 'v', 'w', 'y', 'zero']
08:31:02  INFO  Glyph IDs:   [0, 1, 2, 3, 4, 11, 12, 16, 17, 19, 20, 21, 22, 23, 24, 25, 26, 27, 28, 29, 32, 35, 40, 41, 47, 53, 68, 69, 70, 71, 72, 74, 75, 76, 78, 79, 80, 81, 82, 83, 85, 86, 87, 88, 89, 90, 92, 97, 2806, 3282, 3506, 3507, 3508, 3509, 3510, 3511]
08:31:02  INFO  Retaining 56 glyphs
08:31:02  INFO  head subsetting not needed
08:31:02  INFO  hhea subsetting not needed
08:31:02  INFO  maxp subsetting not needed
08:31:02  INFO  OS/2 subsetting not needed
08:31:02  INFO  hmtx subsetted
08:31:02  INFO  cmap subsetted
08:31:02  INFO  fpgm subsetting not needed
08:31:02  INFO  prep subsetting not needed
08:31:02  INFO  cvt  subsetting not needed
08:31:02  INFO  loca subsetting not needed
08:31:02  INFO  post subsetted
08:31:02  INFO  gasp subsetting not needed
08:31:02  INFO  MATH subsetted
08:31:02  INFO  GDEF subsetted
08:31:02  INFO  GPOS subsetted
08:31:02  INFO  GSUB subsetted
08:31:02  INFO  name subsetting not needed
08:31:02  INFO  glyf subsetted
08:31:02  INFO  head pruned
08:31:02  INFO  OS/2 Unicode ranges pruned: [0, 31, 38]
08:31:02  INFO  OS/2 CodePage ranges pruned: [0]
08:31:02  INFO  glyf pruned
08:31:02  INFO  GDEF pruned
08:31:02  INFO  GPOS pruned
08:31:02  INFO  GSUB pruned
08:31:02  INFO  name pruned
08:31:02  INFO    saved 01_finetune_eval_loss.pdf and 01_finetune_eval_loss.png
08:31:02  INFO  Plot 2 — coverage-risk curves
08:31:02  INFO  maxp pruned
08:31:02  INFO  cmap pruned
08:31:02  INFO  kern dropped
08:31:02  INFO  post pruned
08:31:02  INFO  FFTM dropped
08:31:02  INFO  GPOS pruned
08:31:02  INFO  GSUB pruned
08:31:02  INFO  glyf pruned
08:31:02  INFO  Added gid0 to subset
08:31:02  INFO  Added first four glyphs to subset
08:31:02  INFO  Closing glyph list over 'MATH': 55 glyphs before
08:31:02  INFO  Glyph names: ['.notdef', '.null', 'A', 'C', 'D', 'L', 'M', 'O', 'Q', 'R', 'U', 'X', 'a', 'alpha', 'at', 'b', 'c', 'colon', 'd', 'e', 'eight', 'endash', 'equal', 'f', 'five', 'four', 'g', 'hyphen', 'i', 'k', 'l', 'm', 'minus', 'n', 'nine', 'nonmarkingreturn', 'o', 'one', 'p', 'parenleft', 'parenright', 'period', 'r', 's', 'seven', 'six', 'space', 't', 'three', 'two', 'u', 'v', 'w', 'y', 'zero']
08:31:02  INFO  Glyph IDs:   [0, 1, 2, 3, 11, 12, 16, 17, 19, 20, 21, 22, 23, 24, 25, 26, 27, 28, 29, 32, 35, 36, 38, 39, 47, 48, 50, 52, 53, 56, 59, 68, 69, 70, 71, 72, 73, 74, 76, 78, 79, 80, 81, 82, 83, 85, 86, 87, 88, 89, 90, 92, 837, 2805, 3228]
08:31:02  INFO  Closed glyph list over 'MATH': 61 glyphs after
08:31:02  INFO  Glyph names: ['.notdef', '.null', 'A', 'C', 'D', 'L', 'M', 'O', 'Q', 'R', 'U', 'X', 'a', 'alpha', 'at', 'b', 'c', 'colon', 'd', 'e', 'eight', 'endash', 'equal', 'f', 'five', 'four', 'g', 'hyphen', 'i', 'k', 'l', 'm', 'minus', 'n', 'nine', 'nonmarkingreturn', 'o', 'one', 'p', 'parenleft', 'parenright', 'period', 'r', 's', 'seven', 'six', 'space', 't', 'three', 'two', 'u', 'uni239B', 'uni239C', 'uni239D', 'uni239E', 'uni239F', 'uni23A0', 'v', 'w', 'y', 'zero']
08:31:02  INFO  Glyph IDs:   [0, 1, 2, 3, 11, 12, 16, 17, 19, 20, 21, 22, 23, 24, 25, 26, 27, 28, 29, 32, 35, 36, 38, 39, 47, 48, 50, 52, 53, 56, 59, 68, 69, 70, 71, 72, 73, 74, 76, 78, 79, 80, 81, 82, 83, 85, 86, 87, 88, 89, 90, 92, 837, 2805, 3228, 3506, 3507, 3508, 3509, 3510, 3511]
08:31:02  INFO  Closing glyph list over 'GSUB': 61 glyphs before
08:31:02  INFO  Glyph names: ['.notdef', '.null', 'A', 'C', 'D', 'L', 'M', 'O', 'Q', 'R', 'U', 'X', 'a', 'alpha', 'at', 'b', 'c', 'colon', 'd', 'e', 'eight', 'endash', 'equal', 'f', 'five', 'four', 'g', 'hyphen', 'i', 'k', 'l', 'm', 'minus', 'n', 'nine', 'nonmarkingreturn', 'o', 'one', 'p', 'parenleft', 'parenright', 'period', 'r', 's', 'seven', 'six', 'space', 't', 'three', 'two', 'u', 'uni239B', 'uni239C', 'uni239D', 'uni239E', 'uni239F', 'uni23A0', 'v', 'w', 'y', 'zero']
08:31:02  INFO  Glyph IDs:   [0, 1, 2, 3, 11, 12, 16, 17, 19, 20, 21, 22, 23, 24, 25, 26, 27, 28, 29, 32, 35, 36, 38, 39, 47, 48, 50, 52, 53, 56, 59, 68, 69, 70, 71, 72, 73, 74, 76, 78, 79, 80, 81, 82, 83, 85, 86, 87, 88, 89, 90, 92, 837, 2805, 3228, 3506, 3507, 3508, 3509, 3510, 3511]
08:31:02  INFO  Closed glyph list over 'GSUB': 66 glyphs after
08:31:02  INFO  Glyph names: ['.notdef', '.null', 'A', 'C', 'D', 'L', 'M', 'O', 'Q', 'R', 'U', 'X', 'a', 'alpha', 'at', 'b', 'c', 'colon', 'd', 'e', 'eight', 'endash', 'equal', 'f', 'fi', 'five', 'fl', 'four', 'g', 'hyphen', 'i', 'k', 'l', 'm', 'minus', 'n', 'nine', 'nonmarkingreturn', 'o', 'one', 'p', 'parenleft', 'parenright', 'period', 'r', 's', 'seven', 'six', 'space', 't', 'three', 'two', 'u', 'uni239B', 'uni239C', 'uni239D', 'uni239E', 'uni239F', 'uni23A0', 'uniFB00', 'uniFB03', 'uniFB04', 'v', 'w', 'y', 'zero']
08:31:02  INFO  Glyph IDs:   [0, 1, 2, 3, 11, 12, 16, 17, 19, 20, 21, 22, 23, 24, 25, 26, 27, 28, 29, 32, 35, 36, 38, 39, 47, 48, 50, 52, 53, 56, 59, 68, 69, 70, 71, 72, 73, 74, 76, 78, 79, 80, 81, 82, 83, 85, 86, 87, 88, 89, 90, 92, 837, 2805, 3228, 3506, 3507, 3508, 3509, 3510, 3511, 5038, 5039, 5040, 5041, 5042]
08:31:02  INFO  Closing glyph list over 'glyf': 66 glyphs before
08:31:02  INFO  Glyph names: ['.notdef', '.null', 'A', 'C', 'D', 'L', 'M', 'O', 'Q', 'R', 'U', 'X', 'a', 'alpha', 'at', 'b', 'c', 'colon', 'd', 'e', 'eight', 'endash', 'equal', 'f', 'fi', 'five', 'fl', 'four', 'g', 'hyphen', 'i', 'k', 'l', 'm', 'minus', 'n', 'nine', 'nonmarkingreturn', 'o', 'one', 'p', 'parenleft', 'parenright', 'period', 'r', 's', 'seven', 'six', 'space', 't', 'three', 'two', 'u', 'uni239B', 'uni239C', 'uni239D', 'uni239E', 'uni239F', 'uni23A0', 'uniFB00', 'uniFB03', 'uniFB04', 'v', 'w', 'y', 'zero']
08:31:02  INFO  Glyph IDs:   [0, 1, 2, 3, 11, 12, 16, 17, 19, 20, 21, 22, 23, 24, 25, 26, 27, 28, 29, 32, 35, 36, 38, 39, 47, 48, 50, 52, 53, 56, 59, 68, 69, 70, 71, 72, 73, 74, 76, 78, 79, 80, 81, 82, 83, 85, 86, 87, 88, 89, 90, 92, 837, 2805, 3228, 3506, 3507, 3508, 3509, 3510, 3511, 5038, 5039, 5040, 5041, 5042]
08:31:02  INFO  Closed glyph list over 'glyf': 66 glyphs after
08:31:02  INFO  Glyph names: ['.notdef', '.null', 'A', 'C', 'D', 'L', 'M', 'O', 'Q', 'R', 'U', 'X', 'a', 'alpha', 'at', 'b', 'c', 'colon', 'd', 'e', 'eight', 'endash', 'equal', 'f', 'fi', 'five', 'fl', 'four', 'g', 'hyphen', 'i', 'k', 'l', 'm', 'minus', 'n', 'nine', 'nonmarkingreturn', 'o', 'one', 'p', 'parenleft', 'parenright', 'period', 'r', 's', 'seven', 'six', 'space', 't', 'three', 'two', 'u', 'uni239B', 'uni239C', 'uni239D', 'uni239E', 'uni239F', 'uni23A0', 'uniFB00', 'uniFB03', 'uniFB04', 'v', 'w', 'y', 'zero']
08:31:02  INFO  Glyph IDs:   [0, 1, 2, 3, 11, 12, 16, 17, 19, 20, 21, 22, 23, 24, 25, 26, 27, 28, 29, 32, 35, 36, 38, 39, 47, 48, 50, 52, 53, 56, 59, 68, 69, 70, 71, 72, 73, 74, 76, 78, 79, 80, 81, 82, 83, 85, 86, 87, 88, 89, 90, 92, 837, 2805, 3228, 3506, 3507, 3508, 3509, 3510, 3511, 5038, 5039, 5040, 5041, 5042]
08:31:02  INFO  Retaining 66 glyphs
08:31:02  INFO  head subsetting not needed
08:31:02  INFO  hhea subsetting not needed
08:31:02  INFO  maxp subsetting not needed
08:31:02  INFO  OS/2 subsetting not needed
08:31:02  INFO  hmtx subsetted
08:31:02  INFO  cmap subsetted
08:31:02  INFO  fpgm subsetting not needed
08:31:02  INFO  prep subsetting not needed
08:31:02  INFO  cvt  subsetting not needed
08:31:02  INFO  loca subsetting not needed
08:31:02  INFO  post subsetted
08:31:02  INFO  gasp subsetting not needed
08:31:02  INFO  MATH subsetted
08:31:02  INFO  GDEF subsetted
08:31:02  INFO  GPOS subsetted
08:31:02  INFO  GSUB subsetted
08:31:02  INFO  name subsetting not needed
08:31:02  INFO  glyf subsetted
08:31:02  INFO  head pruned
08:31:02  INFO  OS/2 Unicode ranges pruned: [0, 7, 31, 38]
08:31:02  INFO  OS/2 CodePage ranges pruned: [0]
08:31:02  INFO  glyf pruned
08:31:02  INFO  GDEF pruned
08:31:02  INFO  GPOS pruned
08:31:02  INFO  GSUB pruned
08:31:02  INFO  name pruned
08:31:03  INFO    saved 02_coverage_risk_curves.pdf and 02_coverage_risk_curves.png
08:31:03  INFO  Plot 3 — CP exchangeability
08:31:03  INFO  maxp pruned
08:31:03  INFO  cmap pruned
08:31:03  INFO  kern dropped
08:31:03  INFO  post pruned
08:31:03  INFO  FFTM dropped
08:31:03  INFO  GPOS pruned
08:31:03  INFO  GSUB pruned
08:31:03  INFO  glyf pruned
08:31:03  INFO  Added gid0 to subset
08:31:03  INFO  Added first four glyphs to subset
08:31:03  INFO  Closing glyph list over 'GSUB': 25 glyphs before
08:31:03  INFO  Glyph names: ['.notdef', '.null', 'E', 'I', 'M', 'S', 'T', 'a', 'b', 'e', 'four', 'g', 'minus', 'nine', 'nonmarkingreturn', 'one', 'period', 'plus', 'r', 'seven', 'space', 't', 'three', 'y', 'zero']
08:31:03  INFO  Glyph IDs:   [0, 1, 2, 3, 14, 17, 19, 20, 22, 23, 26, 28, 40, 44, 48, 54, 55, 68, 69, 72, 74, 85, 87, 92, 3228]
08:31:03  INFO  Closed glyph list over 'GSUB': 25 glyphs after
08:31:03  INFO  Glyph names: ['.notdef', '.null', 'E', 'I', 'M', 'S', 'T', 'a', 'b', 'e', 'four', 'g', 'minus', 'nine', 'nonmarkingreturn', 'one', 'period', 'plus', 'r', 'seven', 'space', 't', 'three', 'y', 'zero']
08:31:03  INFO  Glyph IDs:   [0, 1, 2, 3, 14, 17, 19, 20, 22, 23, 26, 28, 40, 44, 48, 54, 55, 68, 69, 72, 74, 85, 87, 92, 3228]
08:31:03  INFO  Closing glyph list over 'glyf': 25 glyphs before
08:31:03  INFO  Glyph names: ['.notdef', '.null', 'E', 'I', 'M', 'S', 'T', 'a', 'b', 'e', 'four', 'g', 'minus', 'nine', 'nonmarkingreturn', 'one', 'period', 'plus', 'r', 'seven', 'space', 't', 'three', 'y', 'zero']
08:31:03  INFO  Glyph IDs:   [0, 1, 2, 3, 14, 17, 19, 20, 22, 23, 26, 28, 40, 44, 48, 54, 55, 68, 69, 72, 74, 85, 87, 92, 3228]
08:31:03  INFO  Closed glyph list over 'glyf': 25 glyphs after
08:31:03  INFO  Glyph names: ['.notdef', '.null', 'E', 'I', 'M', 'S', 'T', 'a', 'b', 'e', 'four', 'g', 'minus', 'nine', 'nonmarkingreturn', 'one', 'period', 'plus', 'r', 'seven', 'space', 't', 'three', 'y', 'zero']
08:31:03  INFO  Glyph IDs:   [0, 1, 2, 3, 14, 17, 19, 20, 22, 23, 26, 28, 40, 44, 48, 54, 55, 68, 69, 72, 74, 85, 87, 92, 3228]
08:31:03  INFO  Retaining 25 glyphs
08:31:03  INFO  head subsetting not needed
08:31:03  INFO  hhea subsetting not needed
08:31:03  INFO  maxp subsetting not needed
08:31:03  INFO  OS/2 subsetting not needed
08:31:03  INFO  hmtx subsetted
08:31:03  INFO  cmap subsetted
08:31:03  INFO  fpgm subsetting not needed
08:31:03  INFO  prep subsetting not needed
08:31:03  INFO  cvt  subsetting not needed
08:31:03  INFO  loca subsetting not needed
08:31:03  INFO  post subsetted
08:31:03  INFO  gasp subsetting not needed
08:31:03  INFO  GDEF subsetted
08:31:03  INFO  GPOS subsetted
08:31:03  INFO  GSUB subsetted
08:31:03  INFO  name subsetting not needed
08:31:03  INFO  glyf subsetted
08:31:03  INFO  head pruned
08:31:03  INFO  OS/2 Unicode ranges pruned: [0, 38]
08:31:03  INFO  OS/2 CodePage ranges pruned: [0]
08:31:03  INFO  glyf pruned
08:31:03  INFO  GDEF pruned
08:31:03  INFO  GPOS pruned
08:31:03  INFO  GSUB pruned
08:31:03  INFO  name pruned
08:31:03  INFO  maxp pruned
08:31:03  INFO  cmap pruned
08:31:03  INFO  kern dropped
08:31:03  INFO  post pruned
08:31:03  INFO  FFTM dropped
08:31:03  INFO  GPOS pruned
08:31:03  INFO  GSUB pruned
08:31:03  INFO  glyf pruned
08:31:03  INFO  Added gid0 to subset
08:31:03  INFO  Added first four glyphs to subset
08:31:03  INFO  Closing glyph list over 'MATH': 53 glyphs before
08:31:03  INFO  Glyph names: ['.notdef', '.null', 'A', 'B', 'C', 'E', 'M', 'P', 'Q', 'S', 'a', 'alpha', 'b', 'c', 'colon', 'comma', 'd', 'e', 'eight', 'equal', 'f', 'five', 'four', 'g', 'h', 'hyphen', 'i', 'l', 'm', 'minus', 'n', 'nine', 'nonmarkingreturn', 'o', 'one', 'p', 'parenleft', 'parenright', 'period', 'r', 's', 'semicolon', 'six', 'space', 't', 'three', 'two', 'u', 'underscore', 'v', 'x', 'y', 'zero']
08:31:03  INFO  Glyph IDs:   [0, 1, 2, 3, 11, 12, 15, 16, 17, 19, 20, 21, 22, 23, 24, 25, 27, 28, 29, 30, 32, 36, 37, 38, 40, 48, 51, 52, 54, 66, 68, 69, 70, 71, 72, 73, 74, 75, 76, 79, 80, 81, 82, 83, 85, 86, 87, 88, 89, 91, 92, 837, 3228]
08:31:03  INFO  Closed glyph list over 'MATH': 59 glyphs after
08:31:03  INFO  Glyph names: ['.notdef', '.null', 'A', 'B', 'C', 'E', 'M', 'P', 'Q', 'S', 'a', 'alpha', 'b', 'c', 'colon', 'comma', 'd', 'e', 'eight', 'equal', 'f', 'five', 'four', 'g', 'h', 'hyphen', 'i', 'l', 'm', 'minus', 'n', 'nine', 'nonmarkingreturn', 'o', 'one', 'p', 'parenleft', 'parenright', 'period', 'r', 's', 'semicolon', 'six', 'space', 't', 'three', 'two', 'u', 'underscore', 'uni239B', 'uni239C', 'uni239D', 'uni239E', 'uni239F', 'uni23A0', 'v', 'x', 'y', 'zero']
08:31:03  INFO  Glyph IDs:   [0, 1, 2, 3, 11, 12, 15, 16, 17, 19, 20, 21, 22, 23, 24, 25, 27, 28, 29, 30, 32, 36, 37, 38, 40, 48, 51, 52, 54, 66, 68, 69, 70, 71, 72, 73, 74, 75, 76, 79, 80, 81, 82, 83, 85, 86, 87, 88, 89, 91, 92, 837, 3228, 3506, 3507, 3508, 3509, 3510, 3511]
08:31:03  INFO  Closing glyph list over 'GSUB': 59 glyphs before
08:31:03  INFO  Glyph names: ['.notdef', '.null', 'A', 'B', 'C', 'E', 'M', 'P', 'Q', 'S', 'a', 'alpha', 'b', 'c', 'colon', 'comma', 'd', 'e', 'eight', 'equal', 'f', 'five', 'four', 'g', 'h', 'hyphen', 'i', 'l', 'm', 'minus', 'n', 'nine', 'nonmarkingreturn', 'o', 'one', 'p', 'parenleft', 'parenright', 'period', 'r', 's', 'semicolon', 'six', 'space', 't', 'three', 'two', 'u', 'underscore', 'uni239B', 'uni239C', 'uni239D', 'uni239E', 'uni239F', 'uni23A0', 'v', 'x', 'y', 'zero']
08:31:03  INFO  Glyph IDs:   [0, 1, 2, 3, 11, 12, 15, 16, 17, 19, 20, 21, 22, 23, 24, 25, 27, 28, 29, 30, 32, 36, 37, 38, 40, 48, 51, 52, 54, 66, 68, 69, 70, 71, 72, 73, 74, 75, 76, 79, 80, 81, 82, 83, 85, 86, 87, 88, 89, 91, 92, 837, 3228, 3506, 3507, 3508, 3509, 3510, 3511]
08:31:03  INFO  Closed glyph list over 'GSUB': 64 glyphs after
08:31:03  INFO  Glyph names: ['.notdef', '.null', 'A', 'B', 'C', 'E', 'M', 'P', 'Q', 'S', 'a', 'alpha', 'b', 'c', 'colon', 'comma', 'd', 'e', 'eight', 'equal', 'f', 'fi', 'five', 'fl', 'four', 'g', 'h', 'hyphen', 'i', 'l', 'm', 'minus', 'n', 'nine', 'nonmarkingreturn', 'o', 'one', 'p', 'parenleft', 'parenright', 'period', 'r', 's', 'semicolon', 'six', 'space', 't', 'three', 'two', 'u', 'underscore', 'uni239B', 'uni239C', 'uni239D', 'uni239E', 'uni239F', 'uni23A0', 'uniFB00', 'uniFB03', 'uniFB04', 'v', 'x', 'y', 'zero']
08:31:03  INFO  Glyph IDs:   [0, 1, 2, 3, 11, 12, 15, 16, 17, 19, 20, 21, 22, 23, 24, 25, 27, 28, 29, 30, 32, 36, 37, 38, 40, 48, 51, 52, 54, 66, 68, 69, 70, 71, 72, 73, 74, 75, 76, 79, 80, 81, 82, 83, 85, 86, 87, 88, 89, 91, 92, 837, 3228, 3506, 3507, 3508, 3509, 3510, 3511, 5038, 5039, 5040, 5041, 5042]
08:31:03  INFO  Closing glyph list over 'glyf': 64 glyphs before
08:31:03  INFO  Glyph names: ['.notdef', '.null', 'A', 'B', 'C', 'E', 'M', 'P', 'Q', 'S', 'a', 'alpha', 'b', 'c', 'colon', 'comma', 'd', 'e', 'eight', 'equal', 'f', 'fi', 'five', 'fl', 'four', 'g', 'h', 'hyphen', 'i', 'l', 'm', 'minus', 'n', 'nine', 'nonmarkingreturn', 'o', 'one', 'p', 'parenleft', 'parenright', 'period', 'r', 's', 'semicolon', 'six', 'space', 't', 'three', 'two', 'u', 'underscore', 'uni239B', 'uni239C', 'uni239D', 'uni239E', 'uni239F', 'uni23A0', 'uniFB00', 'uniFB03', 'uniFB04', 'v', 'x', 'y', 'zero']
08:31:03  INFO  Glyph IDs:   [0, 1, 2, 3, 11, 12, 15, 16, 17, 19, 20, 21, 22, 23, 24, 25, 27, 28, 29, 30, 32, 36, 37, 38, 40, 48, 51, 52, 54, 66, 68, 69, 70, 71, 72, 73, 74, 75, 76, 79, 80, 81, 82, 83, 85, 86, 87, 88, 89, 91, 92, 837, 3228, 3506, 3507, 3508, 3509, 3510, 3511, 5038, 5039, 5040, 5041, 5042]
08:31:03  INFO  Closed glyph list over 'glyf': 64 glyphs after
08:31:03  INFO  Glyph names: ['.notdef', '.null', 'A', 'B', 'C', 'E', 'M', 'P', 'Q', 'S', 'a', 'alpha', 'b', 'c', 'colon', 'comma', 'd', 'e', 'eight', 'equal', 'f', 'fi', 'five', 'fl', 'four', 'g', 'h', 'hyphen', 'i', 'l', 'm', 'minus', 'n', 'nine', 'nonmarkingreturn', 'o', 'one', 'p', 'parenleft', 'parenright', 'period', 'r', 's', 'semicolon', 'six', 'space', 't', 'three', 'two', 'u', 'underscore', 'uni239B', 'uni239C', 'uni239D', 'uni239E', 'uni239F', 'uni23A0', 'uniFB00', 'uniFB03', 'uniFB04', 'v', 'x', 'y', 'zero']
08:31:03  INFO  Glyph IDs:   [0, 1, 2, 3, 11, 12, 15, 16, 17, 19, 20, 21, 22, 23, 24, 25, 27, 28, 29, 30, 32, 36, 37, 38, 40, 48, 51, 52, 54, 66, 68, 69, 70, 71, 72, 73, 74, 75, 76, 79, 80, 81, 82, 83, 85, 86, 87, 88, 89, 91, 92, 837, 3228, 3506, 3507, 3508, 3509, 3510, 3511, 5038, 5039, 5040, 5041, 5042]
08:31:03  INFO  Retaining 64 glyphs
08:31:03  INFO  head subsetting not needed
08:31:03  INFO  hhea subsetting not needed
08:31:03  INFO  maxp subsetting not needed
08:31:03  INFO  OS/2 subsetting not needed
08:31:03  INFO  hmtx subsetted
08:31:03  INFO  cmap subsetted
08:31:03  INFO  fpgm subsetting not needed
08:31:03  INFO  prep subsetting not needed
08:31:03  INFO  cvt  subsetting not needed
08:31:03  INFO  loca subsetting not needed
08:31:03  INFO  post subsetted
08:31:03  INFO  gasp subsetting not needed
08:31:03  INFO  MATH subsetted
08:31:03  INFO  GDEF subsetted
08:31:03  INFO  GPOS subsetted
08:31:03  INFO  GSUB subsetted
08:31:03  INFO  name subsetting not needed
08:31:03  INFO  glyf subsetted
08:31:03  INFO  head pruned
08:31:03  INFO  OS/2 Unicode ranges pruned: [0, 7, 38]
08:31:03  INFO  OS/2 CodePage ranges pruned: [0]
08:31:03  INFO  glyf pruned
08:31:03  INFO  GDEF pruned
08:31:03  INFO  GPOS pruned
08:31:03  INFO  GSUB pruned
08:31:03  INFO  name pruned
08:31:03  INFO    saved 03_cp_exchangeability.pdf and 03_cp_exchangeability.png
08:31:03  INFO  Plot 4 — reliability diagrams
08:31:03  INFO  maxp pruned
08:31:03  INFO  cmap pruned
08:31:03  INFO  kern dropped
08:31:03  INFO  post pruned
08:31:03  INFO  FFTM dropped
08:31:03  INFO  GPOS pruned
08:31:03  INFO  GSUB pruned
08:31:03  INFO  glyf pruned
08:31:03  INFO  Added gid0 to subset
08:31:03  INFO  Added first four glyphs to subset
08:31:03  INFO  Closing glyph list over 'MATH': 47 glyphs before
08:31:03  INFO  Glyph names: ['.notdef', '.null', 'A', 'C', 'D', 'E', 'L', 'M', 'O', 'P', 'Q', 'R', 'U', 'a', 'b', 'c', 'd', 'e', 'eight', 'emdash', 'f', 'four', 'g', 'hyphen', 'i', 'l', 'm', 'n', 'nonmarkingreturn', 'o', 'one', 'p', 'parenleft', 'parenright', 'period', 'proportional', 'r', 's', 'six', 'space', 't', 'two', 'u', 'v', 'x', 'y', 'zero']
08:31:03  INFO  Glyph IDs:   [0, 1, 2, 3, 11, 12, 16, 17, 19, 20, 21, 23, 25, 27, 36, 38, 39, 40, 47, 48, 50, 51, 52, 53, 56, 68, 69, 70, 71, 72, 73, 74, 76, 79, 80, 81, 82, 83, 85, 86, 87, 88, 89, 91, 92, 2806, 3239]
08:31:03  INFO  Closed glyph list over 'MATH': 53 glyphs after
08:31:03  INFO  Glyph names: ['.notdef', '.null', 'A', 'C', 'D', 'E', 'L', 'M', 'O', 'P', 'Q', 'R', 'U', 'a', 'b', 'c', 'd', 'e', 'eight', 'emdash', 'f', 'four', 'g', 'hyphen', 'i', 'l', 'm', 'n', 'nonmarkingreturn', 'o', 'one', 'p', 'parenleft', 'parenright', 'period', 'proportional', 'r', 's', 'six', 'space', 't', 'two', 'u', 'uni239B', 'uni239C', 'uni239D', 'uni239E', 'uni239F', 'uni23A0', 'v', 'x', 'y', 'zero']
08:31:03  INFO  Glyph IDs:   [0, 1, 2, 3, 11, 12, 16, 17, 19, 20, 21, 23, 25, 27, 36, 38, 39, 40, 47, 48, 50, 51, 52, 53, 56, 68, 69, 70, 71, 72, 73, 74, 76, 79, 80, 81, 82, 83, 85, 86, 87, 88, 89, 91, 92, 2806, 3239, 3506, 3507, 3508, 3509, 3510, 3511]
08:31:03  INFO  Closing glyph list over 'GSUB': 53 glyphs before
08:31:03  INFO  Glyph names: ['.notdef', '.null', 'A', 'C', 'D', 'E', 'L', 'M', 'O', 'P', 'Q', 'R', 'U', 'a', 'b', 'c', 'd', 'e', 'eight', 'emdash', 'f', 'four', 'g', 'hyphen', 'i', 'l', 'm', 'n', 'nonmarkingreturn', 'o', 'one', 'p', 'parenleft', 'parenright', 'period', 'proportional', 'r', 's', 'six', 'space', 't', 'two', 'u', 'uni239B', 'uni239C', 'uni239D', 'uni239E', 'uni239F', 'uni23A0', 'v', 'x', 'y', 'zero']
08:31:03  INFO  Glyph IDs:   [0, 1, 2, 3, 11, 12, 16, 17, 19, 20, 21, 23, 25, 27, 36, 38, 39, 40, 47, 48, 50, 51, 52, 53, 56, 68, 69, 70, 71, 72, 73, 74, 76, 79, 80, 81, 82, 83, 85, 86, 87, 88, 89, 91, 92, 2806, 3239, 3506, 3507, 3508, 3509, 3510, 3511]
08:31:03  INFO  Closed glyph list over 'GSUB': 58 glyphs after
08:31:03  INFO  Glyph names: ['.notdef', '.null', 'A', 'C', 'D', 'E', 'L', 'M', 'O', 'P', 'Q', 'R', 'U', 'a', 'b', 'c', 'd', 'e', 'eight', 'emdash', 'f', 'fi', 'fl', 'four', 'g', 'hyphen', 'i', 'l', 'm', 'n', 'nonmarkingreturn', 'o', 'one', 'p', 'parenleft', 'parenright', 'period', 'proportional', 'r', 's', 'six', 'space', 't', 'two', 'u', 'uni239B', 'uni239C', 'uni239D', 'uni239E', 'uni239F', 'uni23A0', 'uniFB00', 'uniFB03', 'uniFB04', 'v', 'x', 'y', 'zero']
08:31:03  INFO  Glyph IDs:   [0, 1, 2, 3, 11, 12, 16, 17, 19, 20, 21, 23, 25, 27, 36, 38, 39, 40, 47, 48, 50, 51, 52, 53, 56, 68, 69, 70, 71, 72, 73, 74, 76, 79, 80, 81, 82, 83, 85, 86, 87, 88, 89, 91, 92, 2806, 3239, 3506, 3507, 3508, 3509, 3510, 3511, 5038, 5039, 5040, 5041, 5042]
08:31:03  INFO  Closing glyph list over 'glyf': 58 glyphs before
08:31:03  INFO  Glyph names: ['.notdef', '.null', 'A', 'C', 'D', 'E', 'L', 'M', 'O', 'P', 'Q', 'R', 'U', 'a', 'b', 'c', 'd', 'e', 'eight', 'emdash', 'f', 'fi', 'fl', 'four', 'g', 'hyphen', 'i', 'l', 'm', 'n', 'nonmarkingreturn', 'o', 'one', 'p', 'parenleft', 'parenright', 'period', 'proportional', 'r', 's', 'six', 'space', 't', 'two', 'u', 'uni239B', 'uni239C', 'uni239D', 'uni239E', 'uni239F', 'uni23A0', 'uniFB00', 'uniFB03', 'uniFB04', 'v', 'x', 'y', 'zero']
08:31:03  INFO  Glyph IDs:   [0, 1, 2, 3, 11, 12, 16, 17, 19, 20, 21, 23, 25, 27, 36, 38, 39, 40, 47, 48, 50, 51, 52, 53, 56, 68, 69, 70, 71, 72, 73, 74, 76, 79, 80, 81, 82, 83, 85, 86, 87, 88, 89, 91, 92, 2806, 3239, 3506, 3507, 3508, 3509, 3510, 3511, 5038, 5039, 5040, 5041, 5042]
08:31:03  INFO  Closed glyph list over 'glyf': 58 glyphs after
08:31:03  INFO  Glyph names: ['.notdef', '.null', 'A', 'C', 'D', 'E', 'L', 'M', 'O', 'P', 'Q', 'R', 'U', 'a', 'b', 'c', 'd', 'e', 'eight', 'emdash', 'f', 'fi', 'fl', 'four', 'g', 'hyphen', 'i', 'l', 'm', 'n', 'nonmarkingreturn', 'o', 'one', 'p', 'parenleft', 'parenright', 'period', 'proportional', 'r', 's', 'six', 'space', 't', 'two', 'u', 'uni239B', 'uni239C', 'uni239D', 'uni239E', 'uni239F', 'uni23A0', 'uniFB00', 'uniFB03', 'uniFB04', 'v', 'x', 'y', 'zero']
08:31:03  INFO  Glyph IDs:   [0, 1, 2, 3, 11, 12, 16, 17, 19, 20, 21, 23, 25, 27, 36, 38, 39, 40, 47, 48, 50, 51, 52, 53, 56, 68, 69, 70, 71, 72, 73, 74, 76, 79, 80, 81, 82, 83, 85, 86, 87, 88, 89, 91, 92, 2806, 3239, 3506, 3507, 3508, 3509, 3510, 3511, 5038, 5039, 5040, 5041, 5042]
08:31:03  INFO  Retaining 58 glyphs
08:31:03  INFO  head subsetting not needed
08:31:03  INFO  hhea subsetting not needed
08:31:03  INFO  maxp subsetting not needed
08:31:03  INFO  OS/2 subsetting not needed
08:31:03  INFO  hmtx subsetted
08:31:03  INFO  cmap subsetted
08:31:03  INFO  fpgm subsetting not needed
08:31:03  INFO  prep subsetting not needed
08:31:03  INFO  cvt  subsetting not needed
08:31:03  INFO  loca subsetting not needed
08:31:03  INFO  post subsetted
08:31:03  INFO  gasp subsetting not needed
08:31:03  INFO  MATH subsetted
08:31:03  INFO  GDEF subsetted
08:31:03  INFO  GPOS subsetted
08:31:03  INFO  GSUB subsetted
08:31:03  INFO  name subsetting not needed
08:31:03  INFO  glyf subsetted
08:31:03  INFO  head pruned
08:31:03  INFO  OS/2 Unicode ranges pruned: [0, 31, 38]
08:31:03  INFO  OS/2 CodePage ranges pruned: [0]
08:31:03  INFO  glyf pruned
08:31:03  INFO  GDEF pruned
08:31:03  INFO  GPOS pruned
08:31:03  INFO  GSUB pruned
08:31:03  INFO  name pruned
08:31:04  INFO    saved 04_reliability_diagrams.pdf and 04_reliability_diagrams.png
08:31:04  INFO  Plot 5 — routing score distributions
08:31:04  INFO  maxp pruned
08:31:04  INFO  cmap pruned
08:31:04  INFO  kern dropped
08:31:04  INFO  post pruned
08:31:04  INFO  FFTM dropped
08:31:04  INFO  GPOS pruned
08:31:04  INFO  GSUB pruned
08:31:04  INFO  glyf pruned
08:31:04  INFO  Added gid0 to subset
08:31:04  INFO  Added first four glyphs to subset
08:31:04  INFO  Closing glyph list over 'MATH': 51 glyphs before
08:31:04  INFO  Glyph names: ['.notdef', '.null', 'A', 'C', 'D', 'E', 'L', 'M', 'O', 'P', 'Q', 'R', 'U', 'a', 'b', 'c', 'd', 'e', 'eight', 'equal', 'f', 'five', 'four', 'g', 'h', 'hyphen', 'i', 'l', 'm', 'n', 'nine', 'nonmarkingreturn', 'o', 'one', 'p', 'parenleft', 'parenright', 'period', 'r', 's', 'six', 'space', 't', 'three', 'two', 'u', 'v', 'w', 'x', 'y', 'zero']
08:31:04  INFO  Glyph IDs:   [0, 1, 2, 3, 11, 12, 16, 17, 19, 20, 21, 22, 23, 24, 25, 27, 28, 32, 36, 38, 39, 40, 47, 48, 50, 51, 52, 53, 56, 68, 69, 70, 71, 72, 73, 74, 75, 76, 79, 80, 81, 82, 83, 85, 86, 87, 88, 89, 90, 91, 92]
08:31:04  INFO  Closed glyph list over 'MATH': 57 glyphs after
08:31:04  INFO  Glyph names: ['.notdef', '.null', 'A', 'C', 'D', 'E', 'L', 'M', 'O', 'P', 'Q', 'R', 'U', 'a', 'b', 'c', 'd', 'e', 'eight', 'equal', 'f', 'five', 'four', 'g', 'h', 'hyphen', 'i', 'l', 'm', 'n', 'nine', 'nonmarkingreturn', 'o', 'one', 'p', 'parenleft', 'parenright', 'period', 'r', 's', 'six', 'space', 't', 'three', 'two', 'u', 'uni239B', 'uni239C', 'uni239D', 'uni239E', 'uni239F', 'uni23A0', 'v', 'w', 'x', 'y', 'zero']
08:31:04  INFO  Glyph IDs:   [0, 1, 2, 3, 11, 12, 16, 17, 19, 20, 21, 22, 23, 24, 25, 27, 28, 32, 36, 38, 39, 40, 47, 48, 50, 51, 52, 53, 56, 68, 69, 70, 71, 72, 73, 74, 75, 76, 79, 80, 81, 82, 83, 85, 86, 87, 88, 89, 90, 91, 92, 3506, 3507, 3508, 3509, 3510, 3511]
08:31:04  INFO  Closing glyph list over 'GSUB': 57 glyphs before
08:31:04  INFO  Glyph names: ['.notdef', '.null', 'A', 'C', 'D', 'E', 'L', 'M', 'O', 'P', 'Q', 'R', 'U', 'a', 'b', 'c', 'd', 'e', 'eight', 'equal', 'f', 'five', 'four', 'g', 'h', 'hyphen', 'i', 'l', 'm', 'n', 'nine', 'nonmarkingreturn', 'o', 'one', 'p', 'parenleft', 'parenright', 'period', 'r', 's', 'six', 'space', 't', 'three', 'two', 'u', 'uni239B', 'uni239C', 'uni239D', 'uni239E', 'uni239F', 'uni23A0', 'v', 'w', 'x', 'y', 'zero']
08:31:04  INFO  Glyph IDs:   [0, 1, 2, 3, 11, 12, 16, 17, 19, 20, 21, 22, 23, 24, 25, 27, 28, 32, 36, 38, 39, 40, 47, 48, 50, 51, 52, 53, 56, 68, 69, 70, 71, 72, 73, 74, 75, 76, 79, 80, 81, 82, 83, 85, 86, 87, 88, 89, 90, 91, 92, 3506, 3507, 3508, 3509, 3510, 3511]
08:31:04  INFO  Closed glyph list over 'GSUB': 62 glyphs after
08:31:04  INFO  Glyph names: ['.notdef', '.null', 'A', 'C', 'D', 'E', 'L', 'M', 'O', 'P', 'Q', 'R', 'U', 'a', 'b', 'c', 'd', 'e', 'eight', 'equal', 'f', 'fi', 'five', 'fl', 'four', 'g', 'h', 'hyphen', 'i', 'l', 'm', 'n', 'nine', 'nonmarkingreturn', 'o', 'one', 'p', 'parenleft', 'parenright', 'period', 'r', 's', 'six', 'space', 't', 'three', 'two', 'u', 'uni239B', 'uni239C', 'uni239D', 'uni239E', 'uni239F', 'uni23A0', 'uniFB00', 'uniFB03', 'uniFB04', 'v', 'w', 'x', 'y', 'zero']
08:31:04  INFO  Glyph IDs:   [0, 1, 2, 3, 11, 12, 16, 17, 19, 20, 21, 22, 23, 24, 25, 27, 28, 32, 36, 38, 39, 40, 47, 48, 50, 51, 52, 53, 56, 68, 69, 70, 71, 72, 73, 74, 75, 76, 79, 80, 81, 82, 83, 85, 86, 87, 88, 89, 90, 91, 92, 3506, 3507, 3508, 3509, 3510, 3511, 5038, 5039, 5040, 5041, 5042]
08:31:04  INFO  Closing glyph list over 'glyf': 62 glyphs before
08:31:04  INFO  Glyph names: ['.notdef', '.null', 'A', 'C', 'D', 'E', 'L', 'M', 'O', 'P', 'Q', 'R', 'U', 'a', 'b', 'c', 'd', 'e', 'eight', 'equal', 'f', 'fi', 'five', 'fl', 'four', 'g', 'h', 'hyphen', 'i', 'l', 'm', 'n', 'nine', 'nonmarkingreturn', 'o', 'one', 'p', 'parenleft', 'parenright', 'period', 'r', 's', 'six', 'space', 't', 'three', 'two', 'u', 'uni239B', 'uni239C', 'uni239D', 'uni239E', 'uni239F', 'uni23A0', 'uniFB00', 'uniFB03', 'uniFB04', 'v', 'w', 'x', 'y', 'zero']
08:31:04  INFO  Glyph IDs:   [0, 1, 2, 3, 11, 12, 16, 17, 19, 20, 21, 22, 23, 24, 25, 27, 28, 32, 36, 38, 39, 40, 47, 48, 50, 51, 52, 53, 56, 68, 69, 70, 71, 72, 73, 74, 75, 76, 79, 80, 81, 82, 83, 85, 86, 87, 88, 89, 90, 91, 92, 3506, 3507, 3508, 3509, 3510, 3511, 5038, 5039, 5040, 5041, 5042]
08:31:04  INFO  Closed glyph list over 'glyf': 62 glyphs after
08:31:04  INFO  Glyph names: ['.notdef', '.null', 'A', 'C', 'D', 'E', 'L', 'M', 'O', 'P', 'Q', 'R', 'U', 'a', 'b', 'c', 'd', 'e', 'eight', 'equal', 'f', 'fi', 'five', 'fl', 'four', 'g', 'h', 'hyphen', 'i', 'l', 'm', 'n', 'nine', 'nonmarkingreturn', 'o', 'one', 'p', 'parenleft', 'parenright', 'period', 'r', 's', 'six', 'space', 't', 'three', 'two', 'u', 'uni239B', 'uni239C', 'uni239D', 'uni239E', 'uni239F', 'uni23A0', 'uniFB00', 'uniFB03', 'uniFB04', 'v', 'w', 'x', 'y', 'zero']
08:31:04  INFO  Glyph IDs:   [0, 1, 2, 3, 11, 12, 16, 17, 19, 20, 21, 22, 23, 24, 25, 27, 28, 32, 36, 38, 39, 40, 47, 48, 50, 51, 52, 53, 56, 68, 69, 70, 71, 72, 73, 74, 75, 76, 79, 80, 81, 82, 83, 85, 86, 87, 88, 89, 90, 91, 92, 3506, 3507, 3508, 3509, 3510, 3511, 5038, 5039, 5040, 5041, 5042]
08:31:04  INFO  Retaining 62 glyphs
08:31:04  INFO  head subsetting not needed
08:31:04  INFO  hhea subsetting not needed
08:31:04  INFO  maxp subsetting not needed
08:31:04  INFO  OS/2 subsetting not needed
08:31:04  INFO  hmtx subsetted
08:31:04  INFO  cmap subsetted
08:31:04  INFO  fpgm subsetting not needed
08:31:04  INFO  prep subsetting not needed
08:31:04  INFO  cvt  subsetting not needed
08:31:04  INFO  loca subsetting not needed
08:31:04  INFO  post subsetted
08:31:04  INFO  gasp subsetting not needed
08:31:04  INFO  MATH subsetted
08:31:04  INFO  GDEF subsetted
08:31:04  INFO  GPOS subsetted
08:31:04  INFO  GSUB subsetted
08:31:04  INFO  name subsetting not needed
08:31:04  INFO  glyf subsetted
08:31:04  INFO  head pruned
08:31:04  INFO  OS/2 Unicode ranges pruned: [0]
08:31:04  INFO  OS/2 CodePage ranges pruned: [0]
08:31:04  INFO  glyf pruned
08:31:04  INFO  GDEF pruned
08:31:04  INFO  GPOS pruned
08:31:04  INFO  GSUB pruned
08:31:04  INFO  name pruned
08:31:05  INFO    saved 05_routing_score_distributions.pdf and 05_routing_score_distributions.png
08:31:05  INFO  Plot 6 — layer sweep
08:31:05  INFO  Using categorical units to plot a list of strings that are all parsable as floats or dates. If these strings should be plotted as numbers, cast to the appropriate data type before plotting.
08:31:05  INFO  Using categorical units to plot a list of strings that are all parsable as floats or dates. If these strings should be plotted as numbers, cast to the appropriate data type before plotting.
08:31:05  INFO  maxp pruned
08:31:05  INFO  cmap pruned
08:31:05  INFO  kern dropped
08:31:05  INFO  post pruned
08:31:05  INFO  FFTM dropped
08:31:05  INFO  GPOS pruned
08:31:05  INFO  GSUB pruned
08:31:05  INFO  glyf pruned
08:31:05  INFO  Added gid0 to subset
08:31:05  INFO  Added first four glyphs to subset
08:31:05  INFO  Closing glyph list over 'GSUB': 12 glyphs before
08:31:05  INFO  Glyph names: ['.notdef', '.null', 'eight', 'nonmarkingreturn', 'one', 'period', 'seven', 'six', 'space', 'three', 'two', 'zero']
08:31:05  INFO  Glyph IDs:   [0, 1, 2, 3, 17, 19, 20, 21, 22, 25, 26, 27]
08:31:05  INFO  Closed glyph list over 'GSUB': 12 glyphs after
08:31:05  INFO  Glyph names: ['.notdef', '.null', 'eight', 'nonmarkingreturn', 'one', 'period', 'seven', 'six', 'space', 'three', 'two', 'zero']
08:31:05  INFO  Glyph IDs:   [0, 1, 2, 3, 17, 19, 20, 21, 22, 25, 26, 27]
08:31:05  INFO  Closing glyph list over 'glyf': 12 glyphs before
08:31:05  INFO  Glyph names: ['.notdef', '.null', 'eight', 'nonmarkingreturn', 'one', 'period', 'seven', 'six', 'space', 'three', 'two', 'zero']
08:31:05  INFO  Glyph IDs:   [0, 1, 2, 3, 17, 19, 20, 21, 22, 25, 26, 27]
08:31:05  INFO  Closed glyph list over 'glyf': 12 glyphs after
08:31:05  INFO  Glyph names: ['.notdef', '.null', 'eight', 'nonmarkingreturn', 'one', 'period', 'seven', 'six', 'space', 'three', 'two', 'zero']
08:31:05  INFO  Glyph IDs:   [0, 1, 2, 3, 17, 19, 20, 21, 22, 25, 26, 27]
08:31:05  INFO  Retaining 12 glyphs
08:31:05  INFO  head subsetting not needed
08:31:05  INFO  hhea subsetting not needed
08:31:05  INFO  maxp subsetting not needed
08:31:05  INFO  OS/2 subsetting not needed
08:31:05  INFO  hmtx subsetted
08:31:05  INFO  cmap subsetted
08:31:05  INFO  fpgm subsetting not needed
08:31:05  INFO  prep subsetting not needed
08:31:05  INFO  cvt  subsetting not needed
08:31:05  INFO  loca subsetting not needed
08:31:05  INFO  post subsetted
08:31:05  INFO  gasp subsetting not needed
08:31:05  INFO  GDEF subsetted
08:31:05  INFO  GPOS subsetted
08:31:05  INFO  GSUB subsetted
08:31:05  INFO  name subsetting not needed
08:31:05  INFO  glyf subsetted
08:31:05  INFO  head pruned
08:31:05  INFO  OS/2 Unicode ranges pruned: [0]
08:31:05  INFO  OS/2 CodePage ranges pruned: [0]
08:31:05  INFO  glyf pruned
08:31:05  INFO  GDEF pruned
08:31:05  INFO  GPOS pruned
08:31:05  INFO  GSUB pruned
08:31:05  INFO  name pruned
08:31:05  INFO  maxp pruned
08:31:05  INFO  cmap pruned
08:31:05  INFO  kern dropped
08:31:05  INFO  post pruned
08:31:05  INFO  FFTM dropped
08:31:05  INFO  GPOS pruned
08:31:05  INFO  GSUB pruned
08:31:05  INFO  glyf pruned
08:31:05  INFO  Added gid0 to subset
08:31:05  INFO  Added first four glyphs to subset
08:31:05  INFO  Closing glyph list over 'MATH': 50 glyphs before
08:31:05  INFO  Glyph names: ['.notdef', '.null', 'A', 'B', 'C', 'H', 'M', 'O', 'P', 'R', 'U', 'V', 'a', 'b', 'c', 'comma', 'd', 'e', 'eight', 'emdash', 'equal', 'f', 'five', 'four', 'h', 'hyphen', 'i', 'l', 'm', 'n', 'nonmarkingreturn', 'o', 'one', 'p', 'parenleft', 'parenright', 'period', 'r', 's', 'seven', 'six', 'space', 't', 'three', 'two', 'v', 'w', 'x', 'y', 'zero']
08:31:05  INFO  Glyph IDs:   [0, 1, 2, 3, 11, 12, 15, 16, 17, 19, 20, 21, 22, 23, 24, 25, 26, 27, 32, 36, 37, 38, 43, 48, 50, 51, 53, 56, 57, 68, 69, 70, 71, 72, 73, 75, 76, 79, 80, 81, 82, 83, 85, 86, 87, 89, 90, 91, 92, 2806]
08:31:05  INFO  Closed glyph list over 'MATH': 56 glyphs after
08:31:05  INFO  Glyph names: ['.notdef', '.null', 'A', 'B', 'C', 'H', 'M', 'O', 'P', 'R', 'U', 'V', 'a', 'b', 'c', 'comma', 'd', 'e', 'eight', 'emdash', 'equal', 'f', 'five', 'four', 'h', 'hyphen', 'i', 'l', 'm', 'n', 'nonmarkingreturn', 'o', 'one', 'p', 'parenleft', 'parenright', 'period', 'r', 's', 'seven', 'six', 'space', 't', 'three', 'two', 'uni239B', 'uni239C', 'uni239D', 'uni239E', 'uni239F', 'uni23A0', 'v', 'w', 'x', 'y', 'zero']
08:31:05  INFO  Glyph IDs:   [0, 1, 2, 3, 11, 12, 15, 16, 17, 19, 20, 21, 22, 23, 24, 25, 26, 27, 32, 36, 37, 38, 43, 48, 50, 51, 53, 56, 57, 68, 69, 70, 71, 72, 73, 75, 76, 79, 80, 81, 82, 83, 85, 86, 87, 89, 90, 91, 92, 2806, 3506, 3507, 3508, 3509, 3510, 3511]
08:31:05  INFO  Closing glyph list over 'GSUB': 56 glyphs before
08:31:05  INFO  Glyph names: ['.notdef', '.null', 'A', 'B', 'C', 'H', 'M', 'O', 'P', 'R', 'U', 'V', 'a', 'b', 'c', 'comma', 'd', 'e', 'eight', 'emdash', 'equal', 'f', 'five', 'four', 'h', 'hyphen', 'i', 'l', 'm', 'n', 'nonmarkingreturn', 'o', 'one', 'p', 'parenleft', 'parenright', 'period', 'r', 's', 'seven', 'six', 'space', 't', 'three', 'two', 'uni239B', 'uni239C', 'uni239D', 'uni239E', 'uni239F', 'uni23A0', 'v', 'w', 'x', 'y', 'zero']
08:31:05  INFO  Glyph IDs:   [0, 1, 2, 3, 11, 12, 15, 16, 17, 19, 20, 21, 22, 23, 24, 25, 26, 27, 32, 36, 37, 38, 43, 48, 50, 51, 53, 56, 57, 68, 69, 70, 71, 72, 73, 75, 76, 79, 80, 81, 82, 83, 85, 86, 87, 89, 90, 91, 92, 2806, 3506, 3507, 3508, 3509, 3510, 3511]
08:31:05  INFO  Closed glyph list over 'GSUB': 61 glyphs after
08:31:05  INFO  Glyph names: ['.notdef', '.null', 'A', 'B', 'C', 'H', 'M', 'O', 'P', 'R', 'U', 'V', 'a', 'b', 'c', 'comma', 'd', 'e', 'eight', 'emdash', 'equal', 'f', 'fi', 'five', 'fl', 'four', 'h', 'hyphen', 'i', 'l', 'm', 'n', 'nonmarkingreturn', 'o', 'one', 'p', 'parenleft', 'parenright', 'period', 'r', 's', 'seven', 'six', 'space', 't', 'three', 'two', 'uni239B', 'uni239C', 'uni239D', 'uni239E', 'uni239F', 'uni23A0', 'uniFB00', 'uniFB03', 'uniFB04', 'v', 'w', 'x', 'y', 'zero']
08:31:05  INFO  Glyph IDs:   [0, 1, 2, 3, 11, 12, 15, 16, 17, 19, 20, 21, 22, 23, 24, 25, 26, 27, 32, 36, 37, 38, 43, 48, 50, 51, 53, 56, 57, 68, 69, 70, 71, 72, 73, 75, 76, 79, 80, 81, 82, 83, 85, 86, 87, 89, 90, 91, 92, 2806, 3506, 3507, 3508, 3509, 3510, 3511, 5038, 5039, 5040, 5041, 5042]
08:31:05  INFO  Closing glyph list over 'glyf': 61 glyphs before
08:31:05  INFO  Glyph names: ['.notdef', '.null', 'A', 'B', 'C', 'H', 'M', 'O', 'P', 'R', 'U', 'V', 'a', 'b', 'c', 'comma', 'd', 'e', 'eight', 'emdash', 'equal', 'f', 'fi', 'five', 'fl', 'four', 'h', 'hyphen', 'i', 'l', 'm', 'n', 'nonmarkingreturn', 'o', 'one', 'p', 'parenleft', 'parenright', 'period', 'r', 's', 'seven', 'six', 'space', 't', 'three', 'two', 'uni239B', 'uni239C', 'uni239D', 'uni239E', 'uni239F', 'uni23A0', 'uniFB00', 'uniFB03', 'uniFB04', 'v', 'w', 'x', 'y', 'zero']
08:31:05  INFO  Glyph IDs:   [0, 1, 2, 3, 11, 12, 15, 16, 17, 19, 20, 21, 22, 23, 24, 25, 26, 27, 32, 36, 37, 38, 43, 48, 50, 51, 53, 56, 57, 68, 69, 70, 71, 72, 73, 75, 76, 79, 80, 81, 82, 83, 85, 86, 87, 89, 90, 91, 92, 2806, 3506, 3507, 3508, 3509, 3510, 3511, 5038, 5039, 5040, 5041, 5042]
08:31:05  INFO  Closed glyph list over 'glyf': 61 glyphs after
08:31:05  INFO  Glyph names: ['.notdef', '.null', 'A', 'B', 'C', 'H', 'M', 'O', 'P', 'R', 'U', 'V', 'a', 'b', 'c', 'comma', 'd', 'e', 'eight', 'emdash', 'equal', 'f', 'fi', 'five', 'fl', 'four', 'h', 'hyphen', 'i', 'l', 'm', 'n', 'nonmarkingreturn', 'o', 'one', 'p', 'parenleft', 'parenright', 'period', 'r', 's', 'seven', 'six', 'space', 't', 'three', 'two', 'uni239B', 'uni239C', 'uni239D', 'uni239E', 'uni239F', 'uni23A0', 'uniFB00', 'uniFB03', 'uniFB04', 'v', 'w', 'x', 'y', 'zero']
08:31:05  INFO  Glyph IDs:   [0, 1, 2, 3, 11, 12, 15, 16, 17, 19, 20, 21, 22, 23, 24, 25, 26, 27, 32, 36, 37, 38, 43, 48, 50, 51, 53, 56, 57, 68, 69, 70, 71, 72, 73, 75, 76, 79, 80, 81, 82, 83, 85, 86, 87, 89, 90, 91, 92, 2806, 3506, 3507, 3508, 3509, 3510, 3511, 5038, 5039, 5040, 5041, 5042]
08:31:05  INFO  Retaining 61 glyphs
08:31:05  INFO  head subsetting not needed
08:31:05  INFO  hhea subsetting not needed
08:31:05  INFO  maxp subsetting not needed
08:31:05  INFO  OS/2 subsetting not needed
08:31:05  INFO  hmtx subsetted
08:31:05  INFO  cmap subsetted
08:31:05  INFO  fpgm subsetting not needed
08:31:05  INFO  prep subsetting not needed
08:31:05  INFO  cvt  subsetting not needed
08:31:05  INFO  loca subsetting not needed
08:31:05  INFO  post subsetted
08:31:05  INFO  gasp subsetting not needed
08:31:05  INFO  MATH subsetted
08:31:05  INFO  GDEF subsetted
08:31:05  INFO  GPOS subsetted
08:31:05  INFO  GSUB subsetted
08:31:05  INFO  name subsetting not needed
08:31:05  INFO  glyf subsetted
08:31:05  INFO  head pruned
08:31:05  INFO  OS/2 Unicode ranges pruned: [0, 31]
08:31:05  INFO  OS/2 CodePage ranges pruned: [0]
08:31:05  INFO  glyf pruned
08:31:05  INFO  GDEF pruned
08:31:05  INFO  GPOS pruned
08:31:05  INFO  GSUB pruned
08:31:05  INFO  name pruned
08:31:05  INFO    saved 06_layer_sweep.pdf and 06_layer_sweep.png
08:31:05  INFO  Plot 7 — signal subset ablation
08:31:06  INFO  maxp pruned
08:31:06  INFO  cmap pruned
08:31:06  INFO  kern dropped
08:31:06  INFO  post pruned
08:31:06  INFO  FFTM dropped
08:31:06  INFO  GPOS pruned
08:31:06  INFO  GSUB pruned
08:31:06  INFO  glyf pruned
08:31:06  INFO  Added gid0 to subset
08:31:06  INFO  Added first four glyphs to subset
08:31:06  INFO  Closing glyph list over 'MATH': 55 glyphs before
08:31:06  INFO  Glyph names: ['.notdef', '.null', 'A', 'C', 'G', 'H', 'O', 'R', 'S', 'U', 'a', 'alpha', 'arrowdown', 'arrowup', 'at', 'b', 'c', 'colon', 'd', 'e', 'eight', 'emdash', 'equal', 'five', 'four', 'g', 'h', 'hyphen', 'i', 'l', 'm', 'n', 'nine', 'nonmarkingreturn', 'o', 'one', 'p', 'parenleft', 'parenright', 'period', 'plus', 'r', 's', 'semicolon', 'seven', 'six', 'space', 't', 'three', 'two', 'u', 'underscore', 'v', 'y', 'zero']
08:31:06  INFO  Glyph IDs:   [0, 1, 2, 3, 11, 12, 14, 16, 17, 19, 20, 21, 22, 23, 24, 25, 26, 27, 28, 29, 30, 32, 35, 36, 38, 42, 43, 50, 53, 54, 56, 66, 68, 69, 70, 71, 72, 74, 75, 76, 79, 80, 81, 82, 83, 85, 86, 87, 88, 89, 92, 837, 2806, 3099, 3101]
08:31:06  INFO  Closed glyph list over 'MATH': 61 glyphs after
08:31:06  INFO  Glyph names: ['.notdef', '.null', 'A', 'C', 'G', 'H', 'O', 'R', 'S', 'U', 'a', 'alpha', 'arrowdown', 'arrowup', 'at', 'b', 'c', 'colon', 'd', 'e', 'eight', 'emdash', 'equal', 'five', 'four', 'g', 'h', 'hyphen', 'i', 'l', 'm', 'n', 'nine', 'nonmarkingreturn', 'o', 'one', 'p', 'parenleft', 'parenright', 'period', 'plus', 'r', 's', 'semicolon', 'seven', 'six', 'space', 't', 'three', 'two', 'u', 'underscore', 'uni239B', 'uni239C', 'uni239D', 'uni239E', 'uni239F', 'uni23A0', 'v', 'y', 'zero']
08:31:06  INFO  Glyph IDs:   [0, 1, 2, 3, 11, 12, 14, 16, 17, 19, 20, 21, 22, 23, 24, 25, 26, 27, 28, 29, 30, 32, 35, 36, 38, 42, 43, 50, 53, 54, 56, 66, 68, 69, 70, 71, 72, 74, 75, 76, 79, 80, 81, 82, 83, 85, 86, 87, 88, 89, 92, 837, 2806, 3099, 3101, 3506, 3507, 3508, 3509, 3510, 3511]
08:31:06  INFO  Closing glyph list over 'GSUB': 61 glyphs before
08:31:06  INFO  Glyph names: ['.notdef', '.null', 'A', 'C', 'G', 'H', 'O', 'R', 'S', 'U', 'a', 'alpha', 'arrowdown', 'arrowup', 'at', 'b', 'c', 'colon', 'd', 'e', 'eight', 'emdash', 'equal', 'five', 'four', 'g', 'h', 'hyphen', 'i', 'l', 'm', 'n', 'nine', 'nonmarkingreturn', 'o', 'one', 'p', 'parenleft', 'parenright', 'period', 'plus', 'r', 's', 'semicolon', 'seven', 'six', 'space', 't', 'three', 'two', 'u', 'underscore', 'uni239B', 'uni239C', 'uni239D', 'uni239E', 'uni239F', 'uni23A0', 'v', 'y', 'zero']
08:31:06  INFO  Glyph IDs:   [0, 1, 2, 3, 11, 12, 14, 16, 17, 19, 20, 21, 22, 23, 24, 25, 26, 27, 28, 29, 30, 32, 35, 36, 38, 42, 43, 50, 53, 54, 56, 66, 68, 69, 70, 71, 72, 74, 75, 76, 79, 80, 81, 82, 83, 85, 86, 87, 88, 89, 92, 837, 2806, 3099, 3101, 3506, 3507, 3508, 3509, 3510, 3511]
08:31:06  INFO  Closed glyph list over 'GSUB': 61 glyphs after
08:31:06  INFO  Glyph names: ['.notdef', '.null', 'A', 'C', 'G', 'H', 'O', 'R', 'S', 'U', 'a', 'alpha', 'arrowdown', 'arrowup', 'at', 'b', 'c', 'colon', 'd', 'e', 'eight', 'emdash', 'equal', 'five', 'four', 'g', 'h', 'hyphen', 'i', 'l', 'm', 'n', 'nine', 'nonmarkingreturn', 'o', 'one', 'p', 'parenleft', 'parenright', 'period', 'plus', 'r', 's', 'semicolon', 'seven', 'six', 'space', 't', 'three', 'two', 'u', 'underscore', 'uni239B', 'uni239C', 'uni239D', 'uni239E', 'uni239F', 'uni23A0', 'v', 'y', 'zero']
08:31:06  INFO  Glyph IDs:   [0, 1, 2, 3, 11, 12, 14, 16, 17, 19, 20, 21, 22, 23, 24, 25, 26, 27, 28, 29, 30, 32, 35, 36, 38, 42, 43, 50, 53, 54, 56, 66, 68, 69, 70, 71, 72, 74, 75, 76, 79, 80, 81, 82, 83, 85, 86, 87, 88, 89, 92, 837, 2806, 3099, 3101, 3506, 3507, 3508, 3509, 3510, 3511]
08:31:06  INFO  Closing glyph list over 'glyf': 61 glyphs before
08:31:06  INFO  Glyph names: ['.notdef', '.null', 'A', 'C', 'G', 'H', 'O', 'R', 'S', 'U', 'a', 'alpha', 'arrowdown', 'arrowup', 'at', 'b', 'c', 'colon', 'd', 'e', 'eight', 'emdash', 'equal', 'five', 'four', 'g', 'h', 'hyphen', 'i', 'l', 'm', 'n', 'nine', 'nonmarkingreturn', 'o', 'one', 'p', 'parenleft', 'parenright', 'period', 'plus', 'r', 's', 'semicolon', 'seven', 'six', 'space', 't', 'three', 'two', 'u', 'underscore', 'uni239B', 'uni239C', 'uni239D', 'uni239E', 'uni239F', 'uni23A0', 'v', 'y', 'zero']
08:31:06  INFO  Glyph IDs:   [0, 1, 2, 3, 11, 12, 14, 16, 17, 19, 20, 21, 22, 23, 24, 25, 26, 27, 28, 29, 30, 32, 35, 36, 38, 42, 43, 50, 53, 54, 56, 66, 68, 69, 70, 71, 72, 74, 75, 76, 79, 80, 81, 82, 83, 85, 86, 87, 88, 89, 92, 837, 2806, 3099, 3101, 3506, 3507, 3508, 3509, 3510, 3511]
08:31:06  INFO  Closed glyph list over 'glyf': 61 glyphs after
08:31:06  INFO  Glyph names: ['.notdef', '.null', 'A', 'C', 'G', 'H', 'O', 'R', 'S', 'U', 'a', 'alpha', 'arrowdown', 'arrowup', 'at', 'b', 'c', 'colon', 'd', 'e', 'eight', 'emdash', 'equal', 'five', 'four', 'g', 'h', 'hyphen', 'i', 'l', 'm', 'n', 'nine', 'nonmarkingreturn', 'o', 'one', 'p', 'parenleft', 'parenright', 'period', 'plus', 'r', 's', 'semicolon', 'seven', 'six', 'space', 't', 'three', 'two', 'u', 'underscore', 'uni239B', 'uni239C', 'uni239D', 'uni239E', 'uni239F', 'uni23A0', 'v', 'y', 'zero']
08:31:06  INFO  Glyph IDs:   [0, 1, 2, 3, 11, 12, 14, 16, 17, 19, 20, 21, 22, 23, 24, 25, 26, 27, 28, 29, 30, 32, 35, 36, 38, 42, 43, 50, 53, 54, 56, 66, 68, 69, 70, 71, 72, 74, 75, 76, 79, 80, 81, 82, 83, 85, 86, 87, 88, 89, 92, 837, 2806, 3099, 3101, 3506, 3507, 3508, 3509, 3510, 3511]
08:31:06  INFO  Retaining 61 glyphs
08:31:06  INFO  head subsetting not needed
08:31:06  INFO  hhea subsetting not needed
08:31:06  INFO  maxp subsetting not needed
08:31:06  INFO  OS/2 subsetting not needed
08:31:06  INFO  hmtx subsetted
08:31:06  INFO  cmap subsetted
08:31:06  INFO  fpgm subsetting not needed
08:31:06  INFO  prep subsetting not needed
08:31:06  INFO  cvt  subsetting not needed
08:31:06  INFO  loca subsetting not needed
08:31:06  INFO  post subsetted
08:31:06  INFO  gasp subsetting not needed
08:31:06  INFO  MATH subsetted
08:31:06  INFO  GDEF subsetted
08:31:06  INFO  GPOS subsetted
08:31:06  INFO  GSUB subsetted
08:31:06  INFO  name subsetting not needed
08:31:06  INFO  glyf subsetted
08:31:06  INFO  head pruned
08:31:06  INFO  OS/2 Unicode ranges pruned: [0, 7, 31, 37]
08:31:06  INFO  OS/2 CodePage ranges pruned: [0]
08:31:06  INFO  glyf pruned
08:31:06  INFO  GDEF pruned
08:31:06  INFO  GPOS pruned
08:31:06  INFO  GSUB pruned
08:31:06  INFO  name pruned
08:31:06  INFO    saved 07_signal_subset_ablation.pdf and 07_signal_subset_ablation.png
08:31:06  INFO  Plot 8 — Mondrian vs Split CP
08:31:06  INFO  maxp pruned
08:31:06  INFO  cmap pruned
08:31:06  INFO  kern dropped
08:31:06  INFO  post pruned
08:31:06  INFO  FFTM dropped
08:31:06  INFO  GPOS pruned
08:31:06  INFO  GSUB pruned
08:31:06  INFO  glyf pruned
08:31:06  INFO  Added gid0 to subset
08:31:06  INFO  Added first four glyphs to subset
08:31:06  INFO  Closing glyph list over 'GSUB': 13 glyphs before
08:31:06  INFO  Glyph names: ['.notdef', '.null', 'eight', 'nine', 'nonmarkingreturn', 'one', 'period', 'seven', 'six', 'space', 'three', 'two', 'zero']
08:31:06  INFO  Glyph IDs:   [0, 1, 2, 3, 17, 19, 20, 21, 22, 25, 26, 27, 28]
08:31:06  INFO  Closed glyph list over 'GSUB': 13 glyphs after
08:31:06  INFO  Glyph names: ['.notdef', '.null', 'eight', 'nine', 'nonmarkingreturn', 'one', 'period', 'seven', 'six', 'space', 'three', 'two', 'zero']
08:31:06  INFO  Glyph IDs:   [0, 1, 2, 3, 17, 19, 20, 21, 22, 25, 26, 27, 28]
08:31:06  INFO  Closing glyph list over 'glyf': 13 glyphs before
08:31:06  INFO  Glyph names: ['.notdef', '.null', 'eight', 'nine', 'nonmarkingreturn', 'one', 'period', 'seven', 'six', 'space', 'three', 'two', 'zero']
08:31:06  INFO  Glyph IDs:   [0, 1, 2, 3, 17, 19, 20, 21, 22, 25, 26, 27, 28]
08:31:06  INFO  Closed glyph list over 'glyf': 13 glyphs after
08:31:06  INFO  Glyph names: ['.notdef', '.null', 'eight', 'nine', 'nonmarkingreturn', 'one', 'period', 'seven', 'six', 'space', 'three', 'two', 'zero']
08:31:06  INFO  Glyph IDs:   [0, 1, 2, 3, 17, 19, 20, 21, 22, 25, 26, 27, 28]
08:31:06  INFO  Retaining 13 glyphs
08:31:06  INFO  head subsetting not needed
08:31:06  INFO  hhea subsetting not needed
08:31:06  INFO  maxp subsetting not needed
08:31:06  INFO  OS/2 subsetting not needed
08:31:06  INFO  hmtx subsetted
08:31:06  INFO  cmap subsetted
08:31:06  INFO  fpgm subsetting not needed
08:31:06  INFO  prep subsetting not needed
08:31:06  INFO  cvt  subsetting not needed
08:31:06  INFO  loca subsetting not needed
08:31:06  INFO  post subsetted
08:31:06  INFO  gasp subsetting not needed
08:31:06  INFO  GDEF subsetted
08:31:06  INFO  GPOS subsetted
08:31:06  INFO  GSUB subsetted
08:31:06  INFO  name subsetting not needed
08:31:06  INFO  glyf subsetted
08:31:06  INFO  head pruned
08:31:06  INFO  OS/2 Unicode ranges pruned: [0]
08:31:06  INFO  OS/2 CodePage ranges pruned: [0]
08:31:06  INFO  glyf pruned
08:31:06  INFO  GDEF pruned
08:31:06  INFO  GPOS pruned
08:31:06  INFO  GSUB pruned
08:31:06  INFO  name pruned
08:31:06  INFO  maxp pruned
08:31:06  INFO  cmap pruned
08:31:06  INFO  kern dropped
08:31:06  INFO  post pruned
08:31:06  INFO  FFTM dropped
08:31:06  INFO  GPOS pruned
08:31:06  INFO  GSUB pruned
08:31:06  INFO  glyf pruned
08:31:06  INFO  Added gid0 to subset
08:31:06  INFO  Added first four glyphs to subset
08:31:06  INFO  Closing glyph list over 'MATH': 52 glyphs before
08:31:06  INFO  Glyph names: ['.notdef', '.null', 'A', 'C', 'D', 'E', 'L', 'M', 'O', 'P', 'Q', 'S', 'U', 'a', 'alpha', 'b', 'c', 'd', 'e', 'eight', 'emdash', 'equal', 'f', 'four', 'g', 'h', 'hyphen', 'i', 'l', 'm', 'minus', 'n', 'nine', 'nonmarkingreturn', 'o', 'one', 'p', 'parenleft', 'parenright', 'period', 'quotesingle', 'r', 's', 'six', 'space', 't', 'two', 'u', 'v', 'x', 'y', 'zero']
08:31:06  INFO  Glyph IDs:   [0, 1, 2, 3, 10, 11, 12, 16, 17, 19, 20, 21, 23, 25, 27, 28, 32, 36, 38, 39, 40, 47, 48, 50, 51, 52, 54, 56, 68, 69, 70, 71, 72, 73, 74, 75, 76, 79, 80, 81, 82, 83, 85, 86, 87, 88, 89, 91, 92, 837, 2806, 3228]
08:31:06  INFO  Closed glyph list over 'MATH': 58 glyphs after
08:31:06  INFO  Glyph names: ['.notdef', '.null', 'A', 'C', 'D', 'E', 'L', 'M', 'O', 'P', 'Q', 'S', 'U', 'a', 'alpha', 'b', 'c', 'd', 'e', 'eight', 'emdash', 'equal', 'f', 'four', 'g', 'h', 'hyphen', 'i', 'l', 'm', 'minus', 'n', 'nine', 'nonmarkingreturn', 'o', 'one', 'p', 'parenleft', 'parenright', 'period', 'quotesingle', 'r', 's', 'six', 'space', 't', 'two', 'u', 'uni239B', 'uni239C', 'uni239D', 'uni239E', 'uni239F', 'uni23A0', 'v', 'x', 'y', 'zero']
08:31:06  INFO  Glyph IDs:   [0, 1, 2, 3, 10, 11, 12, 16, 17, 19, 20, 21, 23, 25, 27, 28, 32, 36, 38, 39, 40, 47, 48, 50, 51, 52, 54, 56, 68, 69, 70, 71, 72, 73, 74, 75, 76, 79, 80, 81, 82, 83, 85, 86, 87, 88, 89, 91, 92, 837, 2806, 3228, 3506, 3507, 3508, 3509, 3510, 3511]
08:31:06  INFO  Closing glyph list over 'GSUB': 58 glyphs before
08:31:06  INFO  Glyph names: ['.notdef', '.null', 'A', 'C', 'D', 'E', 'L', 'M', 'O', 'P', 'Q', 'S', 'U', 'a', 'alpha', 'b', 'c', 'd', 'e', 'eight', 'emdash', 'equal', 'f', 'four', 'g', 'h', 'hyphen', 'i', 'l', 'm', 'minus', 'n', 'nine', 'nonmarkingreturn', 'o', 'one', 'p', 'parenleft', 'parenright', 'period', 'quotesingle', 'r', 's', 'six', 'space', 't', 'two', 'u', 'uni239B', 'uni239C', 'uni239D', 'uni239E', 'uni239F', 'uni23A0', 'v', 'x', 'y', 'zero']
08:31:06  INFO  Glyph IDs:   [0, 1, 2, 3, 10, 11, 12, 16, 17, 19, 20, 21, 23, 25, 27, 28, 32, 36, 38, 39, 40, 47, 48, 50, 51, 52, 54, 56, 68, 69, 70, 71, 72, 73, 74, 75, 76, 79, 80, 81, 82, 83, 85, 86, 87, 88, 89, 91, 92, 837, 2806, 3228, 3506, 3507, 3508, 3509, 3510, 3511]
08:31:06  INFO  Closed glyph list over 'GSUB': 63 glyphs after
08:31:06  INFO  Glyph names: ['.notdef', '.null', 'A', 'C', 'D', 'E', 'L', 'M', 'O', 'P', 'Q', 'S', 'U', 'a', 'alpha', 'b', 'c', 'd', 'e', 'eight', 'emdash', 'equal', 'f', 'fi', 'fl', 'four', 'g', 'h', 'hyphen', 'i', 'l', 'm', 'minus', 'n', 'nine', 'nonmarkingreturn', 'o', 'one', 'p', 'parenleft', 'parenright', 'period', 'quotesingle', 'r', 's', 'six', 'space', 't', 'two', 'u', 'uni239B', 'uni239C', 'uni239D', 'uni239E', 'uni239F', 'uni23A0', 'uniFB00', 'uniFB03', 'uniFB04', 'v', 'x', 'y', 'zero']
08:31:06  INFO  Glyph IDs:   [0, 1, 2, 3, 10, 11, 12, 16, 17, 19, 20, 21, 23, 25, 27, 28, 32, 36, 38, 39, 40, 47, 48, 50, 51, 52, 54, 56, 68, 69, 70, 71, 72, 73, 74, 75, 76, 79, 80, 81, 82, 83, 85, 86, 87, 88, 89, 91, 92, 837, 2806, 3228, 3506, 3507, 3508, 3509, 3510, 3511, 5038, 5039, 5040, 5041, 5042]
08:31:06  INFO  Closing glyph list over 'glyf': 63 glyphs before
08:31:06  INFO  Glyph names: ['.notdef', '.null', 'A', 'C', 'D', 'E', 'L', 'M', 'O', 'P', 'Q', 'S', 'U', 'a', 'alpha', 'b', 'c', 'd', 'e', 'eight', 'emdash', 'equal', 'f', 'fi', 'fl', 'four', 'g', 'h', 'hyphen', 'i', 'l', 'm', 'minus', 'n', 'nine', 'nonmarkingreturn', 'o', 'one', 'p', 'parenleft', 'parenright', 'period', 'quotesingle', 'r', 's', 'six', 'space', 't', 'two', 'u', 'uni239B', 'uni239C', 'uni239D', 'uni239E', 'uni239F', 'uni23A0', 'uniFB00', 'uniFB03', 'uniFB04', 'v', 'x', 'y', 'zero']
08:31:06  INFO  Glyph IDs:   [0, 1, 2, 3, 10, 11, 12, 16, 17, 19, 20, 21, 23, 25, 27, 28, 32, 36, 38, 39, 40, 47, 48, 50, 51, 52, 54, 56, 68, 69, 70, 71, 72, 73, 74, 75, 76, 79, 80, 81, 82, 83, 85, 86, 87, 88, 89, 91, 92, 837, 2806, 3228, 3506, 3507, 3508, 3509, 3510, 3511, 5038, 5039, 5040, 5041, 5042]
08:31:06  INFO  Closed glyph list over 'glyf': 63 glyphs after
08:31:06  INFO  Glyph names: ['.notdef', '.null', 'A', 'C', 'D', 'E', 'L', 'M', 'O', 'P', 'Q', 'S', 'U', 'a', 'alpha', 'b', 'c', 'd', 'e', 'eight', 'emdash', 'equal', 'f', 'fi', 'fl', 'four', 'g', 'h', 'hyphen', 'i', 'l', 'm', 'minus', 'n', 'nine', 'nonmarkingreturn', 'o', 'one', 'p', 'parenleft', 'parenright', 'period', 'quotesingle', 'r', 's', 'six', 'space', 't', 'two', 'u', 'uni239B', 'uni239C', 'uni239D', 'uni239E', 'uni239F', 'uni23A0', 'uniFB00', 'uniFB03', 'uniFB04', 'v', 'x', 'y', 'zero']
08:31:06  INFO  Glyph IDs:   [0, 1, 2, 3, 10, 11, 12, 16, 17, 19, 20, 21, 23, 25, 27, 28, 32, 36, 38, 39, 40, 47, 48, 50, 51, 52, 54, 56, 68, 69, 70, 71, 72, 73, 74, 75, 76, 79, 80, 81, 82, 83, 85, 86, 87, 88, 89, 91, 92, 837, 2806, 3228, 3506, 3507, 3508, 3509, 3510, 3511, 5038, 5039, 5040, 5041, 5042]
08:31:06  INFO  Retaining 63 glyphs
08:31:06  INFO  head subsetting not needed
08:31:06  INFO  hhea subsetting not needed
08:31:06  INFO  maxp subsetting not needed
08:31:06  INFO  OS/2 subsetting not needed
08:31:06  INFO  hmtx subsetted
08:31:06  INFO  cmap subsetted
08:31:06  INFO  fpgm subsetting not needed
08:31:06  INFO  prep subsetting not needed
08:31:06  INFO  cvt  subsetting not needed
08:31:06  INFO  loca subsetting not needed
08:31:06  INFO  post subsetted
08:31:06  INFO  gasp subsetting not needed
08:31:06  INFO  MATH subsetted
08:31:06  INFO  GDEF subsetted
08:31:06  INFO  GPOS subsetted
08:31:06  INFO  GSUB subsetted
08:31:06  INFO  name subsetting not needed
08:31:06  INFO  glyf subsetted
08:31:06  INFO  head pruned
08:31:06  INFO  OS/2 Unicode ranges pruned: [0, 7, 31, 38]
08:31:06  INFO  OS/2 CodePage ranges pruned: [0]
08:31:06  INFO  glyf pruned
08:31:06  INFO  GDEF pruned
08:31:06  INFO  GPOS pruned
08:31:06  INFO  GSUB pruned
08:31:06  INFO  name pruned
08:31:07  INFO    saved 08_mondrian_vs_split_cp.pdf and 08_mondrian_vs_split_cp.png
08:31:07  INFO  Plot 9 — per-domain coverage on in-dist
/home/lciechanowski/PROJECTS/GitHub/local-language-model-healthcare/scripts/09_thesis_plots.py:511: UserWarning: set_ticklabels() should only be used with a fixed number of ticks, i.e. after set_ticks() or using a FixedLocator.
  ax.set_xticklabels(domains, rotation=20, ha="right", fontsize=13)
08:31:07  INFO  maxp pruned
08:31:07  INFO  cmap pruned
08:31:07  INFO  kern dropped
08:31:07  INFO  post pruned
08:31:07  INFO  FFTM dropped
08:31:07  INFO  GPOS pruned
08:31:07  INFO  GSUB pruned
08:31:07  INFO  glyf pruned
08:31:07  INFO  Added gid0 to subset
08:31:07  INFO  Added first four glyphs to subset
08:31:07  INFO  Closing glyph list over 'MATH': 46 glyphs before
08:31:07  INFO  Glyph names: ['.notdef', '.null', 'C', 'D', 'E', 'M', 'P', 'a', 'b', 'c', 'd', 'e', 'eight', 'emdash', 'equal', 'f', 'five', 'four', 'g', 'h', 'hyphen', 'i', 'l', 'm', 'n', 'nine', 'nonmarkingreturn', 'o', 'one', 'p', 'parenleft', 'parenright', 'period', 'r', 's', 'seven', 'six', 'space', 't', 'three', 'two', 'u', 'underscore', 'v', 'y', 'zero']
08:31:07  INFO  Glyph IDs:   [0, 1, 2, 3, 11, 12, 16, 17, 19, 20, 21, 22, 23, 24, 25, 26, 27, 28, 32, 38, 39, 40, 48, 51, 66, 68, 69, 70, 71, 72, 73, 74, 75, 76, 79, 80, 81, 82, 83, 85, 86, 87, 88, 89, 92, 2806]
08:31:07  INFO  Closed glyph list over 'MATH': 52 glyphs after
08:31:07  INFO  Glyph names: ['.notdef', '.null', 'C', 'D', 'E', 'M', 'P', 'a', 'b', 'c', 'd', 'e', 'eight', 'emdash', 'equal', 'f', 'five', 'four', 'g', 'h', 'hyphen', 'i', 'l', 'm', 'n', 'nine', 'nonmarkingreturn', 'o', 'one', 'p', 'parenleft', 'parenright', 'period', 'r', 's', 'seven', 'six', 'space', 't', 'three', 'two', 'u', 'underscore', 'uni239B', 'uni239C', 'uni239D', 'uni239E', 'uni239F', 'uni23A0', 'v', 'y', 'zero']
08:31:07  INFO  Glyph IDs:   [0, 1, 2, 3, 11, 12, 16, 17, 19, 20, 21, 22, 23, 24, 25, 26, 27, 28, 32, 38, 39, 40, 48, 51, 66, 68, 69, 70, 71, 72, 73, 74, 75, 76, 79, 80, 81, 82, 83, 85, 86, 87, 88, 89, 92, 2806, 3506, 3507, 3508, 3509, 3510, 3511]
08:31:07  INFO  Closing glyph list over 'GSUB': 52 glyphs before
08:31:07  INFO  Glyph names: ['.notdef', '.null', 'C', 'D', 'E', 'M', 'P', 'a', 'b', 'c', 'd', 'e', 'eight', 'emdash', 'equal', 'f', 'five', 'four', 'g', 'h', 'hyphen', 'i', 'l', 'm', 'n', 'nine', 'nonmarkingreturn', 'o', 'one', 'p', 'parenleft', 'parenright', 'period', 'r', 's', 'seven', 'six', 'space', 't', 'three', 'two', 'u', 'underscore', 'uni239B', 'uni239C', 'uni239D', 'uni239E', 'uni239F', 'uni23A0', 'v', 'y', 'zero']
08:31:07  INFO  Glyph IDs:   [0, 1, 2, 3, 11, 12, 16, 17, 19, 20, 21, 22, 23, 24, 25, 26, 27, 28, 32, 38, 39, 40, 48, 51, 66, 68, 69, 70, 71, 72, 73, 74, 75, 76, 79, 80, 81, 82, 83, 85, 86, 87, 88, 89, 92, 2806, 3506, 3507, 3508, 3509, 3510, 3511]
08:31:07  INFO  Closed glyph list over 'GSUB': 57 glyphs after
08:31:07  INFO  Glyph names: ['.notdef', '.null', 'C', 'D', 'E', 'M', 'P', 'a', 'b', 'c', 'd', 'e', 'eight', 'emdash', 'equal', 'f', 'fi', 'five', 'fl', 'four', 'g', 'h', 'hyphen', 'i', 'l', 'm', 'n', 'nine', 'nonmarkingreturn', 'o', 'one', 'p', 'parenleft', 'parenright', 'period', 'r', 's', 'seven', 'six', 'space', 't', 'three', 'two', 'u', 'underscore', 'uni239B', 'uni239C', 'uni239D', 'uni239E', 'uni239F', 'uni23A0', 'uniFB00', 'uniFB03', 'uniFB04', 'v', 'y', 'zero']
08:31:07  INFO  Glyph IDs:   [0, 1, 2, 3, 11, 12, 16, 17, 19, 20, 21, 22, 23, 24, 25, 26, 27, 28, 32, 38, 39, 40, 48, 51, 66, 68, 69, 70, 71, 72, 73, 74, 75, 76, 79, 80, 81, 82, 83, 85, 86, 87, 88, 89, 92, 2806, 3506, 3507, 3508, 3509, 3510, 3511, 5038, 5039, 5040, 5041, 5042]
08:31:07  INFO  Closing glyph list over 'glyf': 57 glyphs before
08:31:07  INFO  Glyph names: ['.notdef', '.null', 'C', 'D', 'E', 'M', 'P', 'a', 'b', 'c', 'd', 'e', 'eight', 'emdash', 'equal', 'f', 'fi', 'five', 'fl', 'four', 'g', 'h', 'hyphen', 'i', 'l', 'm', 'n', 'nine', 'nonmarkingreturn', 'o', 'one', 'p', 'parenleft', 'parenright', 'period', 'r', 's', 'seven', 'six', 'space', 't', 'three', 'two', 'u', 'underscore', 'uni239B', 'uni239C', 'uni239D', 'uni239E', 'uni239F', 'uni23A0', 'uniFB00', 'uniFB03', 'uniFB04', 'v', 'y', 'zero']
08:31:07  INFO  Glyph IDs:   [0, 1, 2, 3, 11, 12, 16, 17, 19, 20, 21, 22, 23, 24, 25, 26, 27, 28, 32, 38, 39, 40, 48, 51, 66, 68, 69, 70, 71, 72, 73, 74, 75, 76, 79, 80, 81, 82, 83, 85, 86, 87, 88, 89, 92, 2806, 3506, 3507, 3508, 3509, 3510, 3511, 5038, 5039, 5040, 5041, 5042]
08:31:07  INFO  Closed glyph list over 'glyf': 57 glyphs after
08:31:07  INFO  Glyph names: ['.notdef', '.null', 'C', 'D', 'E', 'M', 'P', 'a', 'b', 'c', 'd', 'e', 'eight', 'emdash', 'equal', 'f', 'fi', 'five', 'fl', 'four', 'g', 'h', 'hyphen', 'i', 'l', 'm', 'n', 'nine', 'nonmarkingreturn', 'o', 'one', 'p', 'parenleft', 'parenright', 'period', 'r', 's', 'seven', 'six', 'space', 't', 'three', 'two', 'u', 'underscore', 'uni239B', 'uni239C', 'uni239D', 'uni239E', 'uni239F', 'uni23A0', 'uniFB00', 'uniFB03', 'uniFB04', 'v', 'y', 'zero']
08:31:07  INFO  Glyph IDs:   [0, 1, 2, 3, 11, 12, 16, 17, 19, 20, 21, 22, 23, 24, 25, 26, 27, 28, 32, 38, 39, 40, 48, 51, 66, 68, 69, 70, 71, 72, 73, 74, 75, 76, 79, 80, 81, 82, 83, 85, 86, 87, 88, 89, 92, 2806, 3506, 3507, 3508, 3509, 3510, 3511, 5038, 5039, 5040, 5041, 5042]
08:31:07  INFO  Retaining 57 glyphs
08:31:07  INFO  head subsetting not needed
08:31:07  INFO  hhea subsetting not needed
08:31:07  INFO  maxp subsetting not needed
08:31:07  INFO  OS/2 subsetting not needed
08:31:07  INFO  hmtx subsetted
08:31:07  INFO  cmap subsetted
08:31:07  INFO  fpgm subsetting not needed
08:31:07  INFO  prep subsetting not needed
08:31:07  INFO  cvt  subsetting not needed
08:31:07  INFO  loca subsetting not needed
08:31:07  INFO  post subsetted
08:31:07  INFO  gasp subsetting not needed
08:31:07  INFO  MATH subsetted
08:31:07  INFO  GDEF subsetted
08:31:07  INFO  GPOS subsetted
08:31:07  INFO  GSUB subsetted
08:31:07  INFO  name subsetting not needed
08:31:07  INFO  glyf subsetted
08:31:07  INFO  head pruned
08:31:07  INFO  OS/2 Unicode ranges pruned: [0, 31]
08:31:07  INFO  OS/2 CodePage ranges pruned: [0]
08:31:07  INFO  glyf pruned
08:31:07  INFO  GDEF pruned
08:31:07  INFO  GPOS pruned
08:31:07  INFO  GSUB pruned
08:31:07  INFO  name pruned
08:31:07  INFO    saved 09_per_domain_coverage.pdf and 09_per_domain_coverage.png
08:31:07  INFO  All plots saved under /home/lciechanowski/PROJECTS/GitHub/local-language-model-healthcare/figures

Figures written to:  /home/lciechanowski/PROJECTS/GitHub/local-language-model-healthcare/figures/
Files: 01..09  (each as both .pdf and .png)
